Component: ARM Compiler 5.06 update 3 (build 300) Tool: armlink [4d35c9]

==============================================================================

Section Cross References

    stm32f4xx_hal_can.o(i.CAN_Receive_IT) refers to bsp_can.o(i.HAL_CAN_RxCpltCallback) for HAL_CAN_RxCpltCallback
    stm32f4xx_hal_can.o(i.HAL_CAN_DeInit) refers to can.o(i.HAL_CAN_MspDeInit) for HAL_CAN_MspDeInit
    stm32f4xx_hal_can.o(i.HAL_CAN_IRQHandler) refers to stm32f4xx_hal_can.o(i.HAL_CAN_TxCpltCallback) for HAL_CAN_TxCpltCallback
    stm32f4xx_hal_can.o(i.HAL_CAN_IRQHandler) refers to stm32f4xx_hal_can.o(i.CAN_Receive_IT) for CAN_Receive_IT
    stm32f4xx_hal_can.o(i.HAL_CAN_IRQHandler) refers to can.o(i.HAL_CAN_ErrorCallback) for HAL_CAN_ErrorCallback
    stm32f4xx_hal_can.o(i.HAL_CAN_Init) refers to can.o(i.HAL_CAN_MspInit) for HAL_CAN_MspInit
    stm32f4xx_hal_can.o(i.HAL_CAN_Init) refers to stm32f4xx_hal.o(i.HAL_GetTick) for HAL_GetTick
    stm32f4xx_hal_can.o(i.HAL_CAN_Receive) refers to stm32f4xx_hal.o(i.HAL_GetTick) for HAL_GetTick
    stm32f4xx_hal_can.o(i.HAL_CAN_Sleep) refers to stm32f4xx_hal.o(i.HAL_GetTick) for HAL_GetTick
    stm32f4xx_hal_can.o(i.HAL_CAN_Transmit) refers to stm32f4xx_hal.o(i.HAL_GetTick) for HAL_GetTick
    stm32f4xx_hal_can.o(i.HAL_CAN_WakeUp) refers to stm32f4xx_hal.o(i.HAL_GetTick) for HAL_GetTick
    stm32f4xx_hal_gpio.o(i.HAL_GPIO_EXTI_IRQHandler) refers to stm32f4xx_hal_gpio.o(i.HAL_GPIO_EXTI_Callback) for HAL_GPIO_EXTI_Callback
    stm32f4xx_hal_flash.o(i.FLASH_SetErrorCode) refers to stm32f4xx_hal_flash.o(.bss) for .bss
    stm32f4xx_hal_flash.o(i.FLASH_WaitForLastOperation) refers to stm32f4xx_hal.o(i.HAL_GetTick) for HAL_GetTick
    stm32f4xx_hal_flash.o(i.FLASH_WaitForLastOperation) refers to stm32f4xx_hal_flash.o(i.FLASH_SetErrorCode) for FLASH_SetErrorCode
    stm32f4xx_hal_flash.o(i.FLASH_WaitForLastOperation) refers to stm32f4xx_hal_flash.o(.bss) for .bss
    stm32f4xx_hal_flash.o(i.HAL_FLASH_GetError) refers to stm32f4xx_hal_flash.o(.bss) for .bss
    stm32f4xx_hal_flash.o(i.HAL_FLASH_IRQHandler) refers to stm32f4xx_hal_flash.o(i.FLASH_SetErrorCode) for FLASH_SetErrorCode
    stm32f4xx_hal_flash.o(i.HAL_FLASH_IRQHandler) refers to stm32f4xx_hal_flash.o(i.HAL_FLASH_OperationErrorCallback) for HAL_FLASH_OperationErrorCallback
    stm32f4xx_hal_flash.o(i.HAL_FLASH_IRQHandler) refers to stm32f4xx_hal_flash.o(i.HAL_FLASH_EndOfOperationCallback) for HAL_FLASH_EndOfOperationCallback
    stm32f4xx_hal_flash.o(i.HAL_FLASH_IRQHandler) refers to stm32f4xx_hal_flash_ex.o(i.FLASH_Erase_Sector) for FLASH_Erase_Sector
    stm32f4xx_hal_flash.o(i.HAL_FLASH_IRQHandler) refers to stm32f4xx_hal_flash_ex.o(i.FLASH_FlushCaches) for FLASH_FlushCaches
    stm32f4xx_hal_flash.o(i.HAL_FLASH_IRQHandler) refers to stm32f4xx_hal_flash.o(.bss) for .bss
    stm32f4xx_hal_flash.o(i.HAL_FLASH_OB_Launch) refers to stm32f4xx_hal_flash.o(i.FLASH_WaitForLastOperation) for FLASH_WaitForLastOperation
    stm32f4xx_hal_flash.o(i.HAL_FLASH_Program) refers to stm32f4xx_hal_flash.o(i.FLASH_WaitForLastOperation) for FLASH_WaitForLastOperation
    stm32f4xx_hal_flash.o(i.HAL_FLASH_Program) refers to stm32f4xx_hal_flash.o(i.FLASH_Program_DoubleWord) for FLASH_Program_DoubleWord
    stm32f4xx_hal_flash.o(i.HAL_FLASH_Program) refers to stm32f4xx_hal_flash.o(i.FLASH_Program_Byte) for FLASH_Program_Byte
    stm32f4xx_hal_flash.o(i.HAL_FLASH_Program) refers to stm32f4xx_hal_flash.o(i.FLASH_Program_HalfWord) for FLASH_Program_HalfWord
    stm32f4xx_hal_flash.o(i.HAL_FLASH_Program) refers to stm32f4xx_hal_flash.o(i.FLASH_Program_Word) for FLASH_Program_Word
    stm32f4xx_hal_flash.o(i.HAL_FLASH_Program) refers to stm32f4xx_hal_flash.o(.bss) for .bss
    stm32f4xx_hal_flash.o(i.HAL_FLASH_Program_IT) refers to stm32f4xx_hal_flash.o(i.FLASH_Program_DoubleWord) for FLASH_Program_DoubleWord
    stm32f4xx_hal_flash.o(i.HAL_FLASH_Program_IT) refers to stm32f4xx_hal_flash.o(i.FLASH_Program_Byte) for FLASH_Program_Byte
    stm32f4xx_hal_flash.o(i.HAL_FLASH_Program_IT) refers to stm32f4xx_hal_flash.o(i.FLASH_Program_HalfWord) for FLASH_Program_HalfWord
    stm32f4xx_hal_flash.o(i.HAL_FLASH_Program_IT) refers to stm32f4xx_hal_flash.o(i.FLASH_Program_Word) for FLASH_Program_Word
    stm32f4xx_hal_flash.o(i.HAL_FLASH_Program_IT) refers to stm32f4xx_hal_flash.o(.bss) for .bss
    stm32f4xx_hal_flash_ex.o(i.FLASH_OB_DisableWRP) refers to stm32f4xx_hal_flash.o(i.FLASH_WaitForLastOperation) for FLASH_WaitForLastOperation
    stm32f4xx_hal_flash_ex.o(i.FLASH_OB_EnableWRP) refers to stm32f4xx_hal_flash.o(i.FLASH_WaitForLastOperation) for FLASH_WaitForLastOperation
    stm32f4xx_hal_flash_ex.o(i.HAL_FLASHEx_AdvOBProgram) refers to stm32f4xx_hal_flash.o(i.FLASH_WaitForLastOperation) for FLASH_WaitForLastOperation
    stm32f4xx_hal_flash_ex.o(i.HAL_FLASHEx_Erase) refers to stm32f4xx_hal_flash.o(i.FLASH_WaitForLastOperation) for FLASH_WaitForLastOperation
[...]
    HAL_RCC_OscConfig                        0x08007531   Thumb Code   730  stm32f4xx_hal_rcc.o(i.HAL_RCC_OscConfig)
    HAL_SPI_Init                             0x08007821   Thumb Code   128  stm32f4xx_hal_spi.o(i.HAL_SPI_Init)
    HAL_SPI_MspInit                          0x080078a1   Thumb Code    64  spi.o(i.HAL_SPI_MspInit)
    HAL_SPI_TransmitReceive                  0x080078ed   Thumb Code   472  stm32f4xx_hal_spi.o(i.HAL_SPI_TransmitReceive)
    HAL_SYSTICK_CLKSourceConfig              0x08007ac5   Thumb Code    24  stm32f4xx_hal_cortex.o(i.HAL_SYSTICK_CLKSourceConfig)
    HAL_SYSTICK_Callback                     0x08007add   Thumb Code     2  stm32f4xx_hal_cortex.o(i.HAL_SYSTICK_Callback)
    HAL_SYSTICK_Config                       0x08007adf   Thumb Code    40  stm32f4xx_hal_cortex.o(i.HAL_SYSTICK_Config)
    HAL_SYSTICK_IRQHandler                   0x08007b07   Thumb Code     8  stm32f4xx_hal_cortex.o(i.HAL_SYSTICK_IRQHandler)
    HAL_TIMEx_BreakCallback                  0x08007b0f   Thumb Code     2  stm32f4xx_hal_tim_ex.o(i.HAL_TIMEx_BreakCallback)
    HAL_TIMEx_CommutationCallback            0x08007b11   Thumb Code     2  stm32f4xx_hal_tim_ex.o(i.HAL_TIMEx_CommutationCallback)
    HAL_TIMEx_MasterConfigSynchronization    0x08007b13   Thumb Code    80  stm32f4xx_hal_tim_ex.o(i.HAL_TIMEx_MasterConfigSynchronization)
    HAL_TIM_Base_Init                        0x08007b63   Thumb Code    54  stm32f4xx_hal_tim.o(i.HAL_TIM_Base_Init)
    HAL_TIM_Base_MspInit                     0x08007b99   Thumb Code   116  tim.o(i.HAL_TIM_Base_MspInit)
    HAL_TIM_Base_Start_IT                    0x08007c1d   Thumb Code    24  stm32f4xx_hal_tim.o(i.HAL_TIM_Base_Start_IT)
    HAL_TIM_ConfigClockSource                0x08007c35   Thumb Code   242  stm32f4xx_hal_tim.o(i.HAL_TIM_ConfigClockSource)
    HAL_TIM_ErrorCallback                    0x08007d27   Thumb Code     2  stm32f4xx_hal_tim.o(i.HAL_TIM_ErrorCallback)
    HAL_TIM_IC_CaptureCallback               0x08007d29   Thumb Code    82  remote_control.o(i.HAL_TIM_IC_CaptureCallback)
    HAL_TIM_IC_ConfigChannel                 0x08007d8d   Thumb Code   286  stm32f4xx_hal_tim.o(i.HAL_TIM_IC_ConfigChannel)
    HAL_TIM_IC_Init                          0x08007eab   Thumb Code    54  stm32f4xx_hal_tim.o(i.HAL_TIM_IC_Init)
    HAL_TIM_IC_MspInit                       0x08007ee1   Thumb Code   146  tim.o(i.HAL_TIM_IC_MspInit)
    HAL_TIM_IC_Start_DMA                     0x08007f9d   Thumb Code   190  stm32f4xx_hal_tim.o(i.HAL_TIM_IC_Start_DMA)
    HAL_TIM_IRQHandler                       0x08008065   Thumb Code   358  stm32f4xx_hal_tim.o(i.HAL_TIM_IRQHandler)
    HAL_TIM_MspPostInit                      0x080081cd   Thumb Code    58  tim.o(i.HAL_TIM_MspPostInit)
    HAL_TIM_OC_DelayElapsedCallback          0x08008215   Thumb Code     2  stm32f4xx_hal_tim.o(i.HAL_TIM_OC_DelayElapsedCallback)
    HAL_TIM_PWM_ConfigChannel                0x08008217   Thumb Code   208  stm32f4xx_hal_tim.o(i.HAL_TIM_PWM_ConfigChannel)
    HAL_TIM_PWM_Init                         0x080082e7   Thumb Code    54  stm32f4xx_hal_tim.o(i.HAL_TIM_PWM_Init)
    HAL_TIM_PWM_MspInit                      0x0800831d   Thumb Code     2  stm32f4xx_hal_tim.o(i.HAL_TIM_PWM_MspInit)
    HAL_TIM_PWM_PulseFinishedCallback        0x0800831f   Thumb Code     2  stm32f4xx_hal_tim.o(i.HAL_TIM_PWM_PulseFinishedCallback)
    HAL_TIM_PWM_Start                        0x08008321   Thumb Code    48  stm32f4xx_hal_tim.o(i.HAL_TIM_PWM_Start)
    HAL_TIM_PeriodElapsedCallback            0x08008359   Thumb Code    14  main.o(i.HAL_TIM_PeriodElapsedCallback)
    HAL_TIM_TriggerCallback                  0x0800836d   Thumb Code     2  stm32f4xx_hal_tim.o(i.HAL_TIM_TriggerCallback)
    HAL_UART_ErrorCallback                   0x0800836f   Thumb Code     2  stm32f4xx_hal_uart.o(i.HAL_UART_ErrorCallback)
    HAL_UART_IDLE_IRQHandler                 0x08008371   Thumb Code   210  usart.o(i.HAL_UART_IDLE_IRQHandler)
    HAL_UART_IRQHandler                      0x08008451   Thumb Code   266  stm32f4xx_hal_uart.o(i.HAL_UART_IRQHandler)
    HAL_UART_Init                            0x08008561   Thumb Code    98  stm32f4xx_hal_uart.o(i.HAL_UART_Init)
    HAL_UART_MspInit                         0x080085c5   Thumb Code   264  usart.o(i.HAL_UART_MspInit)
    HAL_UART_Receive_IT_IDLE                 0x08008709   Thumb Code    18  usart.o(i.HAL_UART_Receive_IT_IDLE)
    HAL_UART_RxCpltCallback                  0x0800871b   Thumb Code     2  stm32f4xx_hal_uart.o(i.HAL_UART_RxCpltCallback)
    HAL_UART_Transmit                        0x0800871d   Thumb Code   186  stm32f4xx_hal_uart.o(i.HAL_UART_Transmit)
    HAL_UART_TxCpltCallback                  0x080087d7   Thumb Code     2  stm32f4xx_hal_uart.o(i.HAL_UART_TxCpltCallback)
    HardFault_Handler                        0x080087d9   Thumb Code     2  stm32f4xx_it.o(i.HardFault_Handler)
    IIC_Ack                                  0x080087dd   Thumb Code    56  myiic.o(i.IIC_Ack)
    IIC_Init                                 0x0800881d   Thumb Code    58  myiic.o(i.IIC_Init)
    IIC_NAck                                 0x08008865   Thumb Code    56  myiic.o(i.IIC_NAck)
    IIC_Read_Byte                            0x080088a5   Thumb Code    96  myiic.o(i.IIC_Read_Byte)
    IIC_Send_Byte                            0x0800890d   Thumb Code    86  myiic.o(i.IIC_Send_Byte)
    IIC_Start                                0x0800896d   Thumb Code    56  myiic.o(i.IIC_Start)
    IIC_Stop                                 0x080089ad   Thumb Code    56  myiic.o(i.IIC_Stop)
    IIC_Wait_Ack                             0x080089ed   Thumb Code    74  myiic.o(i.IIC_Wait_Ack)
    MPU_Read_Len                             0x08008a41   Thumb Code   108  mpu9250.o(i.MPU_Read_Len)
    MPU_Write_Len                            0x08008aad   Thumb Code    82  mpu9250.o(i.MPU_Write_Len)
    MX_CAN1_Init                             0x08008b01   Thumb Code    66  can.o(i.MX_CAN1_Init)
    MX_DMA_Init                              0x08008b5d   Thumb Code    56  dma.o(i.MX_DMA_Init)
    MX_GPIO_Init                             0x08008b99   Thumb Code   324  gpio.o(i.MX_GPIO_Init)
    MX_SPI5_Init                             0x08008cf5   Thumb Code    66  spi.o(i.MX_SPI5_Init)
    MX_TIM1_Init                             0x08008d51   Thumb Code   172  tim.o(i.MX_TIM1_Init)
    MX_TIM2_Init                             0x08008e15   Thumb Code    94  tim.o(i.MX_TIM2_Init)
    MX_TIM3_Init                             0x08008e89   Thumb Code    86  tim.o(i.MX_TIM3_Init)
    MX_TIM4_Init                             0x08008ef9   Thumb Code    86  tim.o(i.MX_TIM4_Init)
    MX_TIM5_Init                             0x08008f69   Thumb Code   206  tim.o(i.MX_TIM5_Init)
    MX_USART1_UART_Init                      0x08009051   Thumb Code    54  usart.o(i.MX_USART1_UART_Init)
    MX_USART2_UART_Init                      0x080090a5   Thumb Code    52  usart.o(i.MX_USART2_UART_Init)
    MX_USART3_UART_Init                      0x080090f1   Thumb Code    52  usart.o(i.MX_USART3_UART_Init)
    MX_USART6_UART_Init                      0x0800913d   Thumb Code    52  usart.o(i.MX_USART6_UART_Init)
    MemManage_Handler                        0x08009189   Thumb Code     2  stm32f4xx_it.o(i.MemManage_Handler)
    NMI_Handler                              0x0800918b   Thumb Code     2  stm32f4xx_it.o(i.NMI_Handler)
    PWM_SetDuty                              0x080091ad   Thumb Code    70  robomaster_control.o(i.PWM_SetDuty)
    PendSV_Handler                           0x080091f9   Thumb Code     2  stm32f4xx_it.o(i.PendSV_Handler)
    SVC_Handler                              0x080092b1   Thumb Code     2  stm32f4xx_it.o(i.SVC_Handler)
    SysTick_Handler                          0x080092b3   Thumb Code     4  stm32f4xx_it.o(i.SysTick_Handler)
    SystemClock_Config                       0x080092b9   Thumb Code   150  main.o(i.SystemClock_Config)
    SystemInit                               0x08009359   Thumb Code    66  system_stm32f4xx.o(i.SystemInit)
    TIM2_IRQHandler                          0x080093ad   Thumb Code    16  stm32f4xx_it.o(i.TIM2_IRQHandler)
    TIM6_DAC_IRQHandler                      0x080093c1   Thumb Code     6  stm32f4xx_it.o(i.TIM6_DAC_IRQHandler)
    TIM_Base_SetConfig                       0x080093cd   Thumb Code   148  stm32f4xx_hal_tim.o(i.TIM_Base_SetConfig)
    TIM_CCxChannelCmd                        0x0800948d   Thumb Code    22  stm32f4xx_hal_tim.o(i.TIM_CCxChannelCmd)
    TIM_DMACaptureCplt                       0x080094a3   Thumb Code    62  stm32f4xx_hal_tim.o(i.TIM_DMACaptureCplt)
    TIM_DMAError                             0x080094e1   Thumb Code    16  stm32f4xx_hal_tim.o(i.TIM_DMAError)
    TIM_OC2_SetConfig                        0x0800956d   Thumb Code    90  stm32f4xx_hal_tim.o(i.TIM_OC2_SetConfig)
    TIM_TI1_SetConfig                        0x080096a5   Thumb Code   104  stm32f4xx_hal_tim.o(i.TIM_TI1_SetConfig)
    UART_Receive_DMA_NoIT                    0x080097af   Thumb Code   120  usart.o(i.UART_Receive_DMA_NoIT)
    USART1_IRQHandler                        0x08009c29   Thumb Code     6  stm32f4xx_it.o(i.USART1_IRQHandler)
    USART6_IRQHandler                        0x08009c35   Thumb Code     6  stm32f4xx_it.o(i.USART6_IRQHandler)
    UsageFault_Handler                       0x08009c41   Thumb Code     2  stm32f4xx_it.o(i.UsageFault_Handler)
    _Error_Handler                           0x08009c43   Thumb Code     2  main.o(i._Error_Handler)
    _MLPrintLog                              0x08009c45   Thumb Code   152  log_stm32.o(i._MLPrintLog)
    __0printf                                0x08009cdd   Thumb Code    22  printfa.o(i.__0printf)
    __1printf                                0x08009cdd   Thumb Code     0  printfa.o(i.__0printf)
    __2printf                                0x08009cdd   Thumb Code     0  printfa.o(i.__0printf)
    __c89printf                              0x08009cdd   Thumb Code     0  printfa.o(i.__0printf)
    printf                                   0x08009cdd   Thumb Code     0  printfa.o(i.__0printf)
    __0vsprintf                              0x08009cfd   Thumb Code    30  printfa.o(i.__0vsprintf)
    __1vsprintf                              0x08009cfd   Thumb Code     0  printfa.o(i.__0vsprintf)
    __2vsprintf                              0x08009cfd   Thumb Code     0  printfa.o(i.__0vsprintf)
    __c89vsprintf                            0x08009cfd   Thumb Code     0  printfa.o(i.__0vsprintf)
    vsprintf                                 0x08009cfd   Thumb Code     0  printfa.o(i.__0vsprintf)
    __ARM_fpclassify                         0x08009d21   Thumb Code    48  fpclassify.o(i.__ARM_fpclassify)
    __ARM_fpclassifyf                        0x08009d51   Thumb Code    38  fpclassifyf.o(i.__ARM_fpclassifyf)
    __hardfp_acosf                           0x08009d79   Thumb Code   234  acosf.o(i.__hardfp_acosf)
    __hardfp_asin                            0x08009e91   Thumb Code   770  asin.o(i.__hardfp_asin)
    __hardfp_atan                            0x0800a1f1   Thumb Code   622  atan.o(i.__hardfp_atan)
    __hardfp_atan2                           0x0800a4c9   Thumb Code   432  atan2.o(i.__hardfp_atan2)
    __hardfp_atan2f                          0x0800a6b9   Thumb Code   502  atan2f.o(i.__hardfp_atan2f)
    __hardfp_cos                             0x0800a909   Thumb Code   180  cos.o(i.__hardfp_cos)
    __hardfp_cosf                            0x0800a9d1   Thumb Code   280  cosf.o(i.__hardfp_cosf)
    __hardfp_fabs                            0x0800ab21   Thumb Code    20  fabs.o(i.__hardfp_fabs)
    __hardfp_log                             0x0800ab39   Thumb Code   872  log.o(i.__hardfp_log)
    __hardfp_sinf                            0x0800aefd   Thumb Code   344  sinf.o(i.__hardfp_sinf)
    __hardfp_sqrt                            0x0800b08d   Thumb Code   122  sqrt.o(i.__hardfp_sqrt)
    __hardfp_sqrtf                           0x0800b107   Thumb Code    58  sqrtf.o(i.__hardfp_sqrtf)
    __ieee754_rem_pio2                       0x0800b141   Thumb Code   938  rred.o(i.__ieee754_rem_pio2)
    __kernel_cos                             0x0800b579   Thumb Code   322  cos_i.o(i.__kernel_cos)
    __kernel_poly                            0x0800b6e9   Thumb Code   248  poly.o(i.__kernel_poly)
    __kernel_sin                             0x0800b7e1   Thumb Code   280  sin_i.o(i.__kernel_sin)
    __mathlib_dbl_divzero                    0x0800b911   Thumb Code    28  dunder.o(i.__mathlib_dbl_divzero)
    __mathlib_dbl_infnan                     0x0800b941   Thumb Code    20  dunder.o(i.__mathlib_dbl_infnan)
    __mathlib_dbl_infnan2                    0x0800b955   Thumb Code    20  dunder.o(i.__mathlib_dbl_infnan2)
    __mathlib_dbl_invalid                    0x0800b969   Thumb Code    24  dunder.o(i.__mathlib_dbl_invalid)
    __mathlib_dbl_underflow                  0x0800b989   Thumb Code    24  dunder.o(i.__mathlib_dbl_underflow)
    __mathlib_flt_infnan                     0x0800b9a9   Thumb Code     6  funder.o(i.__mathlib_flt_infnan)
    __mathlib_flt_infnan2                    0x0800b9af   Thumb Code     6  funder.o(i.__mathlib_flt_infnan2)
    __mathlib_flt_invalid                    0x0800b9b5   Thumb Code    10  funder.o(i.__mathlib_flt_invalid)
    __mathlib_flt_underflow                  0x0800b9c5   Thumb Code    10  funder.o(i.__mathlib_flt_underflow)
    __mathlib_rredf2                         0x0800b9d5   Thumb Code   316  rredf.o(i.__mathlib_rredf2)
    __scatterload_copy                       0x0800bb59   Thumb Code    14  handlers.o(i.__scatterload_copy)
    __scatterload_null                       0x0800bb67   Thumb Code     2  handlers.o(i.__scatterload_null)
    __scatterload_zeroinit                   0x0800bb69   Thumb Code    14  handlers.o(i.__scatterload_zeroinit)
    __set_errno                              0x0800bb79   Thumb Code     6  errno.o(i.__set_errno)
    all_pid_init                             0x0800c441   Thumb Code   152  pid.o(i.all_pid_init)
    atan                                     0x0800c4e9   Thumb Code    16  atan.o(i.atan)
    chassis_control                          0x0800c4f9   Thumb Code   328  robomaster_control.o(i.chassis_control)
    delay_init                               0x0800c665   Thumb Code    16  delay.o(i.delay_init)
    delay_ms                                 0x0800c679   Thumb Code    26  delay.o(i.delay_ms)
    delay_us                                 0x0800c695   Thumb Code    48  delay.o(i.delay_us)
    dmp_enable_6x_lp_quat                    0x0800c6c9   Thumb Code    58  inv_mpu_dmp_motion_driver.o(i.dmp_enable_6x_lp_quat)
    dmp_enable_feature                       0x0800c705   Thumb Code   464  inv_mpu_dmp_motion_driver.o(i.dmp_enable_feature)
    dmp_enable_gyro_cal                      0x0800c8dd   Thumb Code    34  inv_mpu_dmp_motion_driver.o(i.dmp_enable_gyro_cal)
    dmp_enable_lp_quat                       0x0800c919   Thumb Code    58  inv_mpu_dmp_motion_driver.o(i.dmp_enable_lp_quat)
    dmp_load_motion_driver_firmware          0x0800c955   Thumb Code    16  inv_mpu_dmp_motion_driver.o(i.dmp_load_motion_driver_firmware)
    dmp_read_fifo                            0x0800c969   Thumb Code   324  inv_mpu_dmp_motion_driver.o(i.dmp_read_fifo)
    dmp_set_fifo_rate                        0x0800cab1   Thumb Code    82  inv_mpu_dmp_motion_driver.o(i.dmp_set_fifo_rate)
    dmp_set_orientation                      0x0800cb15   Thumb Code   246  inv_mpu_dmp_motion_driver.o(i.dmp_set_orientation)
    dmp_set_shake_reject_thresh              0x0800cc21   Thumb Code    48  inv_mpu_dmp_motion_driver.o(i.dmp_set_shake_reject_thresh)
    dmp_set_shake_reject_time                0x0800cc51   Thumb Code    32  inv_mpu_dmp_motion_driver.o(i.dmp_set_shake_reject_time)
    dmp_set_shake_reject_timeout             0x0800cc71   Thumb Code    32  inv_mpu_dmp_motion_driver.o(i.dmp_set_shake_reject_timeout)
    dmp_set_tap_axes                         0x0800cc91   Thumb Code    64  inv_mpu_dmp_motion_driver.o(i.dmp_set_tap_axes)
    dmp_set_tap_count                        0x0800ccd1   Thumb Code    34  inv_mpu_dmp_motion_driver.o(i.dmp_set_tap_count)
    dmp_set_tap_thresh                       0x0800ccf5   Thumb Code   314  inv_mpu_dmp_motion_driver.o(i.dmp_set_tap_thresh)
    dmp_set_tap_time                         0x0800ce55   Thumb Code    32  inv_mpu_dmp_motion_driver.o(i.dmp_set_tap_time)
    dmp_set_tap_time_multi                   0x0800ce75   Thumb Code    32  inv_mpu_dmp_motion_driver.o(i.dmp_set_tap_time_multi)
    fabs                                     0x0800ce95   Thumb Code    24  fabs.o(i.fabs)
    fputc                                    0x0800cead   Thumb Code    18  fputc.o(i.fputc)
    get_moto_measure                         0x0800cec1   Thumb Code    98  bsp_can.o(i.get_moto_measure)
    imu_ahrs_update                          0x0800cf29   Thumb Code  1194  bsp_imu.o(i.imu_ahrs_update)
    imu_attitude_update                      0x0800d3d5   Thumb Code   346  bsp_imu.o(i.imu_attitude_update)
    init_TIM5_PWM                            0x0800d549   Thumb Code    66  tim.o(i.init_TIM5_PWM)
    init_quaternion                          0x0800d595   Thumb Code   360  bsp_imu.o(i.init_quaternion)
    inv_apply_calibration                    0x0800d761   Thumb Code   106  data_builder.o(i.inv_apply_calibration)
    inv_compass_angle                        0x0800d7cd   Thumb Code   162  ml_math_func.o(i.inv_compass_angle)
    inv_convert_to_body_with_scale           0x0800d879   Thumb Code    92  ml_math_func.o(i.inv_convert_to_body_with_scale)
    inv_enable_eMPL_outputs                  0x0800d925   Thumb Code    20  empl_outputs.o(i.inv_enable_eMPL_outputs)
    inv_enable_results_holder                0x0800d941   Thumb Code    22  results_holder.o(i.inv_enable_results_holder)
    inv_execute_mpl_start_notification       0x0800d95d   Thumb Code    38  start_manager.o(i.inv_execute_mpl_start_notification)
    inv_generate_results                     0x0800da2d   Thumb Code    10  results_holder.o(i.inv_generate_results)
    inv_get_6axis_quaternion                 0x0800da3d   Thumb Code    14  results_holder.o(i.inv_get_6axis_quaternion)
    inv_get_acc_state                        0x0800da51   Thumb Code     6  results_holder.o(i.inv_get_acc_state)
    inv_get_accel_accuracy                   0x0800da5d   Thumb Code     6  data_builder.o(i.inv_get_accel_accuracy)
    inv_get_accel_on                         0x0800da69   Thumb Code    12  data_builder.o(i.inv_get_accel_on)
    inv_get_accel_set                        0x0800da79   Thumb Code    34  data_builder.o(i.inv_get_accel_set)
    inv_get_compass_bias                     0x0800daa1   Thumb Code    14  data_builder.o(i.inv_get_compass_bias)
    inv_get_compass_correction               0x0800dab5   Thumb Code    20  results_holder.o(i.inv_get_compass_correction)
    inv_get_compass_on                       0x0800dacd   Thumb Code    12  data_builder.o(i.inv_get_compass_on)
    inv_get_compass_state                    0x0800dadd   Thumb Code     6  results_holder.o(i.inv_get_compass_state)
    inv_get_gravity                          0x0800dae9   Thumb Code    80  results_holder.o(i.inv_get_gravity)
    inv_get_gyro                             0x0800db3d   Thumb Code    10  data_builder.o(i.inv_get_gyro)
    inv_get_gyro_accuracy                    0x0800db4d   Thumb Code     6  data_builder.o(i.inv_get_gyro_accuracy)
    inv_get_gyro_bias                        0x0800db59   Thumb Code    26  data_builder.o(i.inv_get_gyro_bias)
    inv_get_gyro_bias_tc_set                 0x0800db7d   Thumb Code    20  data_builder.o(i.inv_get_gyro_bias_tc_set)
    inv_get_gyro_on                          0x0800db95   Thumb Code    10  data_builder.o(i.inv_get_gyro_on)
    inv_get_gyro_sum_of_sqr                  0x0800dba5   Thumb Code    26  ml_math_func.o(i.inv_get_gyro_sum_of_sqr)
    inv_get_large_mag_field                  0x0800dbc1   Thumb Code     6  results_holder.o(i.inv_get_large_mag_field)
    inv_get_last_timestamp                   0x0800dbcd   Thumb Code    66  data_builder.o(i.inv_get_last_timestamp)
    inv_get_linear_accel                     0x0800dc15   Thumb Code    58  results_holder.o(i.inv_get_linear_accel)
    inv_get_linear_accel_float               0x0800dc51   Thumb Code    64  results_holder.o(i.inv_get_linear_accel_float)
    inv_get_local_field                      0x0800dc95   Thumb Code    10  results_holder.o(i.inv_get_local_field)
    inv_get_mag_accuracy                     0x0800dca5   Thumb Code    20  data_builder.o(i.inv_get_mag_accuracy)
    inv_get_motion_state                     0x0800dcc1   Thumb Code    12  results_holder.o(i.inv_get_motion_state)
    inv_get_quaternion                       0x0800dcd1   Thumb Code    48  results_holder.o(i.inv_get_quaternion)
    inv_get_quaternion_set                   0x0800dd05   Thumb Code    56  results_holder.o(i.inv_get_quaternion_set)
    inv_get_sensor_type_gravity              0x0800dd3d   Thumb Code    88  hal_outputs.o(i.inv_get_sensor_type_gravity)
    inv_got_compass_bias                     0x0800dd9d   Thumb Code     6  results_holder.o(i.inv_got_compass_bias)
    inv_init_data_builder                    0x0800dda9   Thumb Code    44  data_builder.o(i.inv_init_data_builder)
    inv_init_mpl                             0x0800dde5   Thumb Code    94  mpl.o(i.inv_init_mpl)
    inv_init_results_holder                  0x0800de5d   Thumb Code    40  results_holder.o(i.inv_init_results_holder)
    inv_init_start_manager                   0x0800de8d   Thumb Code    14  start_manager.o(i.inv_init_start_manager)
    inv_init_storage_manager                 0x0800dea1   Thumb Code    20  storage_manager.o(i.inv_init_storage_manager)
    inv_orientation_matrix_to_scalar         0x0800deb9   Thumb Code    34  ml_math_func.o(i.inv_orientation_matrix_to_scalar)
    inv_q29_mult                             0x0800dedb   Thumb Code    12  ml_math_func.o(i.inv_q29_mult)
    inv_q30_mult                             0x0800dee7   Thumb Code    12  ml_math_func.o(i.inv_q30_mult)
    inv_q_add                                0x0800def3   Thumb Code    36  ml_math_func.o(i.inv_q_add)
    inv_q_addf                               0x0800df17   Thumb Code    66  ml_math_func.o(i.inv_q_addf)
    inv_q_invert                             0x0800df59   Thumb Code    24  ml_math_func.o(i.inv_q_invert)
    inv_q_invertf                            0x0800df71   Thumb Code    46  ml_math_func.o(i.inv_q_invertf)
    inv_q_mult                               0x0800df9f   Thumb Code   176  ml_math_func.o(i.inv_q_mult)
    inv_q_multf                              0x0800e04f   Thumb Code   210  ml_math_func.o(i.inv_q_multf)
    inv_q_norm4                              0x0800e121   Thumb Code   126  ml_math_func.o(i.inv_q_norm4)
    inv_q_normalizef                         0x0800e1a5   Thumb Code   170  ml_math_func.o(i.inv_q_normalizef)
    inv_q_rotate                             0x0800e255   Thumb Code    62  ml_math_func.o(i.inv_q_rotate)
    inv_quaternion_to_rotation               0x0800e293   Thumb Code   218  ml_math_func.o(i.inv_quaternion_to_rotation)
    inv_register_data_cb                     0x0800e36d   Thumb Code   150  data_builder.o(i.inv_register_data_cb)
    inv_register_load_store                  0x0800e411   Thumb Code   102  storage_manager.o(i.inv_register_load_store)
    inv_register_mpl_start_notification      0x0800e47d   Thumb Code    28  start_manager.o(i.inv_register_mpl_start_notification)
    inv_reset_compass_soft_iron_matrix       0x0800e49d   Thumb Code    70  data_builder.o(i.inv_reset_compass_soft_iron_matrix)
    inv_set_accel_accuracy                   0x0800e539   Thumb Code    22  data_builder.o(i.inv_set_accel_accuracy)
    inv_set_accel_bias_found                 0x0800e555   Thumb Code     6  results_holder.o(i.inv_set_accel_bias_found)
    inv_set_accel_bias_mask                  0x0800e561   Thumb Code    72  data_builder.o(i.inv_set_accel_bias_mask)
    inv_set_accel_orientation_and_scale      0x0800e5b1   Thumb Code     8  data_builder.o(i.inv_set_accel_orientation_and_scale)
    inv_set_accel_sample_rate                0x0800e5bd   Thumb Code    34  data_builder.o(i.inv_set_accel_sample_rate)
    inv_set_compass_bias                     0x0800e5e9   Thumb Code    68  data_builder.o(i.inv_set_compass_bias)
    inv_set_compass_bias_error               0x0800e631   Thumb Code    10  results_holder.o(i.inv_set_compass_bias_error)
    inv_set_compass_bias_found               0x0800e641   Thumb Code     6  results_holder.o(i.inv_set_compass_bias_found)
    inv_set_compass_correction               0x0800e64d   Thumb Code    28  results_holder.o(i.inv_set_compass_correction)
    inv_set_compass_disturbance              0x0800e66d   Thumb Code     8  data_builder.o(i.inv_set_compass_disturbance)
    inv_set_compass_orientation_and_scale    0x0800e679   Thumb Code    12  data_builder.o(i.inv_set_compass_orientation_and_scale)
    inv_set_compass_sample_rate              0x0800e689   Thumb Code    34  data_builder.o(i.inv_set_compass_sample_rate)
    inv_set_compass_state                    0x0800e6b5   Thumb Code     6  results_holder.o(i.inv_set_compass_state)
    inv_set_gyro_bias                        0x0800e6c1   Thumb Code    88  data_builder.o(i.inv_set_gyro_bias)
    inv_set_gyro_orientation_and_scale       0x0800e71d   Thumb Code     8  data_builder.o(i.inv_set_gyro_orientation_and_scale)
    inv_set_gyro_sample_rate                 0x0800e729   Thumb Code    30  data_builder.o(i.inv_set_gyro_sample_rate)
    inv_set_message                          0x0800e751   Thumb Code    16  message_layer.o(i.inv_set_message)
    inv_set_motion_state                     0x0800e765   Thumb Code    48  results_holder.o(i.inv_set_motion_state)
    inv_sqrt                                 0x0800e799   Thumb Code    40  bsp_imu.o(i.inv_sqrt)
    inv_start_mpl                            0x0800e7d5   Thumb Code    34  mpl.o(i.inv_start_mpl)
    inv_start_results_holder                 0x0800e811   Thumb Code    18  results_holder.o(i.inv_start_results_holder)
    inv_store_gaming_quaternion              0x0800e829   Thumb Code    28  results_holder.o(i.inv_store_gaming_quaternion)
    inv_unregister_data_cb                   0x0800e849   Thumb Code    72  data_builder.o(i.inv_unregister_data_cb)
    inv_unregister_mpl_start_notification    0x0800e895   Thumb Code    68  start_manager.o(i.inv_unregister_mpl_start_notification)
    ist8310_get_data                         0x0800e8dd   Thumb Code    10  bsp_imu.o(i.ist8310_get_data)
    ist8310_init                             0x0800e8e7   Thumb Code   256  bsp_imu.o(i.ist8310_init)
    main                                     0x0800ea61   Thumb Code   228  main.o(i.main)
    mget_ms                                  0x0800eb71   Thumb Code     2  inv_mpu.o(i.mget_ms)
    mpu_configure_fifo                       0x0800eb75   Thumb Code    78  inv_mpu.o(i.mpu_configure_fifo)
    mpu_device_init                          0x0800ebc9   Thumb Code    90  bsp_imu.o(i.mpu_device_init)
    mpu_dmp_get_data                         0x0800ec2d   Thumb Code   344  inv_mpu.o(i.mpu_dmp_get_data)
    mpu_dmp_init                             0x0800ed91   Thumb Code   332  inv_mpu.o(i.mpu_dmp_init)
    mpu_get_accel_fsr                        0x0800eee9   Thumb Code    54  inv_mpu.o(i.mpu_get_accel_fsr)
    mpu_get_data                             0x0800ef25   Thumb Code   234  bsp_imu.o(i.mpu_get_data)
    mpu_get_gyro_fsr                         0x0800f025   Thumb Code    48  inv_mpu.o(i.mpu_get_gyro_fsr)
    mpu_get_sample_rate                      0x0800f059   Thumb Code    22  inv_mpu.o(i.mpu_get_sample_rate)
    mpu_init                                 0x0800f075   Thumb Code   212  inv_mpu.o(i.mpu_init)
    mpu_load_firmware                        0x0800f14d   Thumb Code   154  inv_mpu.o(i.mpu_load_firmware)
    mpu_lp_accel_mode                        0x0800f1ed   Thumb Code   180  inv_mpu.o(i.mpu_lp_accel_mode)
    mpu_offset_call                          0x0800f335   Thumb Code   160  bsp_imu.o(i.mpu_offset_call)
    mpu_read_byte                            0x0800f3d9   Thumb Code    68  bsp_imu.o(i.mpu_read_byte)
    mpu_read_bytes                           0x0800f429   Thumb Code    80  bsp_imu.o(i.mpu_read_bytes)
    mpu_read_fifo_stream                     0x0800f485   Thumb Code   122  inv_mpu.o(i.mpu_read_fifo_stream)
    mpu_read_mem                             0x0800f505   Thumb Code    80  inv_mpu.o(i.mpu_read_mem)
    mpu_reset_fifo                           0x0800f559   Thumb Code   346  inv_mpu.o(i.mpu_reset_fifo)
    mpu_set_accel_fsr                        0x0800f6b9   Thumb Code    98  inv_mpu.o(i.mpu_set_accel_fsr)
    mpu_set_accel_fsr_bsp                    0x0800f721   Thumb Code    10  bsp_imu.o(i.mpu_set_accel_fsr_bsp)
    mpu_set_bypass                           0x0800f72d   Thumb Code   214  inv_mpu.o(i.mpu_set_bypass)
    mpu_set_compass_sample_rate              0x0800f809   Thumb Code    72  inv_mpu.o(i.mpu_set_compass_sample_rate)
    mpu_set_dmp_state                        0x0800f855   Thumb Code   114  inv_mpu.o(i.mpu_set_dmp_state)
    mpu_set_gyro_fsr                         0x0800f8cd   Thumb Code   104  inv_mpu.o(i.mpu_set_gyro_fsr)
    mpu_set_gyro_fsr_bsp                     0x0800f939   Thumb Code    10  bsp_imu.o(i.mpu_set_gyro_fsr_bsp)
    mpu_set_int_latched                      0x0800f945   Thumb Code    94  inv_mpu.o(i.mpu_set_int_latched)
    mpu_set_lpf                              0x0800f9a9   Thumb Code   102  inv_mpu.o(i.mpu_set_lpf)
    mpu_set_sample_rate                      0x0800fa15   Thumb Code   138  inv_mpu.o(i.mpu_set_sample_rate)
    mpu_set_sensors                          0x0800faa5   Thumb Code   304  inv_mpu.o(i.mpu_set_sensors)
    mpu_write_byte                           0x0800fbd9   Thumb Code    72  bsp_imu.o(i.mpu_write_byte)
    mpu_write_mem                            0x0800fc2d   Thumb Code    80  inv_mpu.o(i.mpu_write_mem)
    my_can_filter_init_recv_all              0x0800fc81   Thumb Code    58  bsp_can.o(i.my_can_filter_init_recv_all)
    pid_calculate                            0x0800fcc5   Thumb Code   250  pid.o(i.pid_calculate)
    pid_init                                 0x0800fdc1   Thumb Code    14  pid.o(i.pid_init)
    send_data                                0x0800fe3d   Thumb Code    16  robomaster_vcan.o(i.send_data)
    set_moto_current                         0x0800fea9   Thumb Code    76  bsp_can.o(i.set_moto_current)
    set_yuntai_current                       0x0800fef5   Thumb Code    76  bsp_can.o(i.set_yuntai_current)
    shanwai_send_wave_form                   0x08010119   Thumb Code    64  robomaster_vcan.o(i.shanwai_send_wave_form)
    shoot_control                            0x0801015d   Thumb Code   200  robomaster_control.o(i.shoot_control)
    sqrt                                     0x08010245   Thumb Code   110  sqrt.o(i.sqrt)
    sqrtf                                    0x080102b3   Thumb Code    62  sqrtf.o(i.sqrtf)
    task                                     0x080102f1   Thumb Code    68  robomaster_task.o(i.task)
    AHBPrescTable                            0x08010344   Data          16  system_stm32f4xx.o(.constdata)
    APBPrescTable                            0x08010354   Data           8  system_stm32f4xx.o(.constdata)
    reg                                      0x08010370   Data          42  inv_mpu.o(.constdata)
    hw                                       0x0801039a   Data          14  inv_mpu.o(.constdata)
    test                                     0x080103a8   Data          48  inv_mpu.o(.constdata)
    ml_ver                                   0x08010fce   Data          20  mpl.o(.constdata)
    __mathlib_zero                           0x08011150   Data           8  qnan.o(.constdata)
    Region$$Table$$Base                      0x080112b8   Number         0  anon$$obj.o(Region$$Table)
    Region$$Table$$Limit                     0x080112d8   Number         0  anon$$obj.o(Region$$Table)
    uwTick                                   0x20000000   Data           4  stm32f4xx_hal.o(.data)
    SystemCoreClock                          0x20000004   Data           4  system_stm32f4xx.o(.data)
    FlashTimer                               0x2000000c   Data           4  bsp_can.o(.data)
    cnt                                      0x20000010   Data           4  robomaster_task.o(.data)
    cnt1                                     0x20000014   Data           4  robomaster_task.o(.data)
    mypitch                                  0x20000018   Data           4  robomaster_task.o(.data)
    myroll                                   0x2000001c   Data           4  robomaster_task.o(.data)
    myyaw                                    0x20000020   Data           4  robomaster_task.o(.data)
    cnt2                                     0x20000024   Data           4  robomaster_task.o(.data)
    id                                       0x2000002a   Data           1  bsp_imu.o(.data)
    q0                                       0x2000002c   Data           4  bsp_imu.o(.data)
    q1                                       0x20000030   Data           4  bsp_imu.o(.data)
    q2                                       0x20000034   Data           4  bsp_imu.o(.data)
    q3                                       0x20000038   Data           4  bsp_imu.o(.data)
    exInt                                    0x2000003c   Data           4  bsp_imu.o(.data)
    eyInt                                    0x20000040   Data           4  bsp_imu.o(.data)
    ezInt                                    0x20000044   Data           4  bsp_imu.o(.data)
    last_update                              0x2000006c   Data           4  bsp_imu.o(.data)
    now_update                               0x20000070   Data           4  bsp_imu.o(.data)
    ist_buff                                 0x20000074   Data           6  bsp_imu.o(.data)
    TIM_COUNT                                0x20000088   Data           4  main.o(.data)
    testx                                    0x2000008c   Data           4  main.o(.data)
    HighTime                                 0x20000090   Data           2  remote_control.o(.data)
    Latest_Remote_Control_Pack_Time          0x20000094   Data           4  remote_control.o(.data)
    LED_Flash_Timer_remote_control           0x20000098   Data           4  remote_control.o(.data)
    mpl_key                                  0x2000009c   Data           4  inv_mpu.o(.data)
    __stdout                                 0x20000104   Data           4  stdout.o(.data)
    moto_chassis                             0x2000010c   Data         336  bsp_can.o(.bss)
    wave_form_data                           0x2000029c   Data          12  robomaster_vcan.o(.bss)
    imu                                      0x200002a8   Data          52  bsp_imu.o(.bss)
    imu_cloud                                0x200002dc   Data          52  bsp_imu.o(.bss)
    mpu_buff                                 0x20000310   Data          14  bsp_imu.o(.bss)
    mpu_data                                 0x2000031e   Data          32  bsp_imu.o(.bss)
    motor_pid                                0x20000340   Data         700  main.o(.bss)
    UART_Buffer                              0x200005fc   Data         100  usart.o(.bss)
    huart1                                   0x20000660   Data          64  usart.o(.bss)
    huart2                                   0x200006a0   Data          64  usart.o(.bss)
    huart3                                   0x200006e0   Data          64  usart.o(.bss)
    huart6                                   0x20000720   Data          64  usart.o(.bss)
    hdma_usart1_rx                           0x20000760   Data          96  usart.o(.bss)
    htim6                                    0x200007c0   Data          60  stm32f4xx_hal_timebase_tim.o(.bss)
    hcan1                                    0x200007fc   Data          68  can.o(.bss)
    remote_control                           0x20000840   Data          20  remote_control.o(.bss)
    moto_ctr                                 0x20000854   Data          12  remote_control.o(.bss)
    htim1                                    0x20000860   Data          60  tim.o(.bss)
    htim2                                    0x2000089c   Data          60  tim.o(.bss)
    htim3                                    0x200008d8   Data          60  tim.o(.bss)
    htim4                                    0x20000914   Data          60  tim.o(.bss)
    htim5                                    0x20000950   Data          60  tim.o(.bss)
    hdma_tim1_ch1_ch2_ch3                    0x2000098c   Data          96  tim.o(.bss)
    hspi5                                    0x200009ec   Data          88  spi.o(.bss)
    cb                                       0x20001090   Data         232  compass_vec_cal.o(.bss)
    cb_test                                  0x20001178   Data         232  compass_vec_cal.o(.bss)
    cb_sim                                   0x20001260   Data         232  compass_vec_cal.o(.bss)
    vc                                       0x20001348   Data         424  compass_vec_cal.o(.bss)
    fnm                                      0x200014f0   Data         608  fast_no_motion.o(.bss)
    s9axis                                   0x20001790   Data         312  fusion_9axis.o(.bss)
    mag_disturb                              0x20001a8c   Data         184  mag_disturb.o(.bss)
    __initial_sp                             0x20002468   Data           0  startup_stm32f427xx.o(STACK)



==============================================================================

Memory Map of the image

  Image Entry point : 0x080001ad

  Load Region LR_IROM1 (Base: 0x08000000, Size: 0x000113e4, Max: 0x00200000, ABSOLUTE)

    Execution Region ER_IROM1 (Base: 0x08000000, Size: 0x000112d8, Max: 0x00200000, ABSOLUTE)

    Base Addr    Size         Type   Attr      Idx    E Section Name        Object

    0x08000000   0x000001ac   Data   RO         2866    RESET               startup_stm32f427xx.o
    0x080001ac   0x00000000   Code   RO         6637  * .ARM.Collect$$$$00000000  mc_w.l(entry.o)
    0x080001ac   0x00000004   Code   RO         6997    .ARM.Collect$$$$00000001  mc_w.l(entry2.o)
    0x080001b0   0x00000004   Code   RO         7000    .ARM.Collect$$$$00000004  mc_w.l(entry5.o)
    0x080001b4   0x00000000   Code   RO         7002    .ARM.Collect$$$$00000008  mc_w.l(entry7b.o)
    0x080001b4   0x00000000   Code   RO         7004    .ARM.Collect$$$$0000000A  mc_w.l(entry8b.o)
    0x080001b4   0x00000008   Code   RO         7005    .ARM.Collect$$$$0000000B  mc_w.l(entry9a.o)
    0x080001bc   0x00000000   Code   RO         7007    .ARM.Collect$$$$0000000D  mc_w.l(entry10a.o)
    0x080001bc   0x00000000   Code   RO         7009    .ARM.Collect$$$$0000000F  mc_w.l(entry11a.o)
    0x080001bc   0x00000004   Code   RO         6998    .ARM.Collect$$$$00002712  mc_w.l(entry2.o)
    0x080001c0   0x00000024   Code   RO         2867    .text               startup_stm32f427xx.o
    0x080001e4   0x000024f0   Code   RO         6197    .text               libmpllib.lib(compass_vec_cal.o)
    0x080026d4   0x00000a18   Code   RO         6287    .text               libmpllib.lib(fast_no_motion.o)
    0x080030ec   0x000006b0   Code   RO         6320    .text               libmpllib.lib(fusion_9axis.o)
    0x0800379c   0x000004c4   Code   RO         6342    .text               libmpllib.lib(gyro_tc.o)
    0x08003c60   0x000005c0   Code   RO         6360    .text               libmpllib.lib(mag_disturb.o)
    0x08004220   0x00000994   Code   RO         6382    .text               libmpllib.lib(quaternion_supervisor.o)
    0x08004bb4   0x00000c44   Code   RO         6400    .text               libmpllib.lib(accel_auto_cal.o)
    0x080057f8   0x00000062   Code   RO         6642    .text               mc_w.l(uldiv.o)
    0x0800585a   0x00000062   Code   RO         6644    .text               mc_w.l(ldiv.o)
    0x080058bc   0x0000001e   Code   RO         6646    .text               mc_w.l(llshl.o)
    0x080058da   0x00000024   Code   RO         6648    .text               mc_w.l(llsshr.o)
    0x080058fe   0x00000040   Code   RO         6652    .text               mc_w.l(memmovea.o)
    0x0800593e   0x00000024   Code   RO         6654    .text               mc_w.l(memseta.o)
    0x08005962   0x0000001a   Code   RO         6656    .text               mc_w.l(memcmp.o)
    0x0800597c   0x0000014e   Code   RO         6923    .text               mf_w.l(dadd.o)
    0x08005aca   0x000000e4   Code   RO         6925    .text               mf_w.l(dmul.o)
    0x08005bae   0x000000de   Code   RO         6927    .text               mf_w.l(ddiv.o)
    0x08005c8c   0x0000002c   Code   RO         6929    .text               mf_w.l(ffltl.o)
    0x08005cb8   0x00000022   Code   RO         6931    .text               mf_w.l(dflti.o)
    0x08005cda   0x00000042   Code   RO         6933    .text               mf_w.l(ffixl.o)
    0x08005d1c   0x0000003e   Code   RO         6935    .text               mf_w.l(dfixi.o)
    0x08005d5a   0x00000026   Code   RO         6937    .text               mf_w.l(f2d.o)
    0x08005d80   0x00000030   Code   RO         6939    .text               mf_w.l(cdcmple.o)
    0x08005db0   0x00000030   Code   RO         6941    .text               mf_w.l(cdrcmple.o)
    0x08005de0   0x00000038   Code   RO         6943    .text               mf_w.l(d2f.o)
    0x08005e18   0x00000000   Code   RO         7011    .text               mc_w.l(semi.o)
    0x08005e18   0x0000002c   Code   RO         7013    .text               mc_w.l(uidiv.o)
    0x08005e44   0x00000020   Code   RO         7015    .text               mc_w.l(llushr.o)
    0x08005e64   0x00000000   Code   RO         7024    .text               mc_w.l(iusefp.o)
    0x08005e64   0x00000000   Code   RO         7025    .text               mc_w.l(iusesemip.o)
    0x08005e64   0x0000006e   Code   RO         7026    .text               mf_w.l(fepilogue.o)
    0x08005ed2   0x000000ba   Code   RO         7028    .text               mf_w.l(depilogue.o)
    0x08005f8c   0x000000a2   Code   RO         7034    .text               mf_w.l(dsqrt.o)
    0x0800602e   0x00000030   Code   RO         7036    .text               mf_w.l(dfixul.o)
    0x0800605e   0x00000002   PAD
    0x08006060   0x00000024   Code   RO         7038    .text               mc_w.l(init.o)
    0x08006084   0x0000001a   Code   RO         7040    .text               mf_w.l(dfltui.o)
    0x0800609e   0x00000002   Code   RO         3739    i.BusFault_Handler  stm32f4xx_it.o
    0x080060a0   0x0000000c   Code   RO         3740    i.CAN1_RX0_IRQHandler  stm32f4xx_it.o
    0x080060ac   0x0000000c   Code   RO         3741    i.CAN1_TX_IRQHandler  stm32f4xx_it.o
    0x080060b8   0x00000126   Code   RO            4    i.CAN_Receive_IT    stm32f4xx_hal_can.o
    0x080061de   0x00000002   PAD
    0x080061e0   0x000000a0   Code   RO         3936    i.Callback_RC_Handle  remote_control.o
    0x08006280   0x00000100   Code   RO         3937    i.DBUS_Deal         remote_control.o
    0x08006380   0x0000000c   Code   RO         3742    i.DMA2_Stream2_IRQHandler  stm32f4xx_it.o
    0x0800638c   0x0000000c   Code   RO         3743    i.DMA2_Stream6_IRQHandler  stm32f4xx_it.o
    0x08006398   0x00000028   Code   RO         2304    i.DMA_CalcBaseAndBitshift  stm32f4xx_hal_dma.o
    0x080063c0   0x00000054   Code   RO         2305    i.DMA_CheckFifoParam  stm32f4xx_hal_dma.o
    0x08006414   0x00000028   Code   RO         2306    i.DMA_SetConfig     stm32f4xx_hal_dma.o
    0x0800643c   0x00000002   Code   RO         3744    i.DebugMon_Handler  stm32f4xx_it.o
    0x0800643e   0x00000002   PAD
    0x08006440   0x000000f8   Code   RO            5    i.HAL_CAN_ConfigFilter  stm32f4xx_hal_can.o
    0x08006538   0x00000014   Code   RO         3864    i.HAL_CAN_ErrorCallback  can.o
    0x0800654c   0x00000234   Code   RO           10    i.HAL_CAN_IRQHandler  stm32f4xx_hal_can.o
    0x08006780   0x00000148   Code   RO           11    i.HAL_CAN_Init      stm32f4xx_hal_can.o
    0x080068c8   0x00000068   Code   RO         3866    i.HAL_CAN_MspInit   can.o
    0x08006930   0x000000b4   Code   RO           15    i.HAL_CAN_Receive_IT  stm32f4xx_hal_can.o
    0x080069e4   0x00000070   Code   RO         2931    i.HAL_CAN_RxCpltCallback  bsp_can.o
    0x08006a54   0x000001cc   Code   RO           18    i.HAL_CAN_Transmit  stm32f4xx_hal_can.o
    0x08006c20   0x00000002   Code   RO           20    i.HAL_CAN_TxCpltCallback  stm32f4xx_hal_can.o
    0x08006c22   0x00000024   Code   RO         2308    i.HAL_DMA_Abort_IT  stm32f4xx_hal_dma.o
    0x08006c46   0x00000002   PAD
    0x08006c48   0x000001a0   Code   RO         2312    i.HAL_DMA_IRQHandler  stm32f4xx_hal_dma.o
    0x08006de8   0x000000d4   Code   RO         2313    i.HAL_DMA_Init      stm32f4xx_hal_dma.o
    0x08006ebc   0x00000046   Code   RO         2316    i.HAL_DMA_Start     stm32f4xx_hal_dma.o
    0x08006f02   0x00000078   Code   RO         2317    i.HAL_DMA_Start_IT  stm32f4xx_hal_dma.o
    0x08006f7a   0x0000001c   Code   RO         1121    i.HAL_Delay         stm32f4xx_hal.o
    0x08006f96   0x00000002   PAD
    0x08006f98   0x000001cc   Code   RO          234    i.HAL_GPIO_Init     stm32f4xx_hal_gpio.o
    0x08007164   0x00000008   Code   RO          237    i.HAL_GPIO_TogglePin  stm32f4xx_hal_gpio.o
    0x0800716c   0x0000000a   Code   RO          238    i.HAL_GPIO_WritePin  stm32f4xx_hal_gpio.o
    0x08007176   0x00000002   PAD
    0x08007178   0x0000000c   Code   RO         1129    i.HAL_GetTick       stm32f4xx_hal.o
    0x08007184   0x00000010   Code   RO         1131    i.HAL_IncTick       stm32f4xx_hal.o
    0x08007194   0x00000034   Code   RO         1132    i.HAL_Init          stm32f4xx_hal.o
    0x080071c8   0x00000074   Code   RO         3675    i.HAL_InitTick      stm32f4xx_hal_timebase_tim.o
    0x0800723c   0x00000058   Code   RO         3572    i.HAL_MspInit       stm32f4xx_hal_msp.o
    0x08007294   0x00000016   Code   RO          520    i.HAL_NVIC_EnableIRQ  stm32f4xx_hal_cortex.o
    0x080072aa   0x00000002   PAD
    0x080072ac   0x00000040   Code   RO          526    i.HAL_NVIC_SetPriority  stm32f4xx_hal_cortex.o
    0x080072ec   0x00000024   Code   RO          527    i.HAL_NVIC_SetPriorityGrouping  stm32f4xx_hal_cortex.o
    0x08007310   0x00000130   Code   RO         2411    i.HAL_RCC_ClockConfig  stm32f4xx_hal_rcc.o
    0x08007440   0x00000040   Code   RO         2415    i.HAL_RCC_GetClockConfig  stm32f4xx_hal_rcc.o
    0x08007480   0x0000000c   Code   RO         2416    i.HAL_RCC_GetHCLKFreq  stm32f4xx_hal_rcc.o
    0x0800748c   0x00000020   Code   RO         2418    i.HAL_RCC_GetPCLK1Freq  stm32f4xx_hal_rcc.o
    0x080074ac   0x00000020   Code   RO         2419    i.HAL_RCC_GetPCLK2Freq  stm32f4xx_hal_rcc.o
    0x080074cc   0x00000064   Code   RO         2420    i.HAL_RCC_GetSysClockFreq  stm32f4xx_hal_rcc.o
    0x08007530   0x000002f0   Code   RO         2423    i.HAL_RCC_OscConfig  stm32f4xx_hal_rcc.o
    0x08007820   0x00000080   Code   RO         2523    i.HAL_SPI_Init      stm32f4xx_hal_spi.o
    0x080078a0   0x0000004c   Code   RO         4073    i.HAL_SPI_MspInit   spi.o
    0x080078ec   0x000001d8   Code   RO         2532    i.HAL_SPI_TransmitReceive  stm32f4xx_hal_spi.o
    0x08007ac4   0x00000018   Code   RO          529    i.HAL_SYSTICK_CLKSourceConfig  stm32f4xx_hal_cortex.o
    0x08007adc   0x00000002   Code   RO          530    i.HAL_SYSTICK_Callback  stm32f4xx_hal_cortex.o
    0x08007ade   0x00000028   Code   RO          531    i.HAL_SYSTICK_Config  stm32f4xx_hal_cortex.o
    0x08007b06   0x00000008   Code   RO          532    i.HAL_SYSTICK_IRQHandler  stm32f4xx_hal_cortex.o
    0x08007b0e   0x00000002   Code   RO         1393    i.HAL_TIMEx_BreakCallback  stm32f4xx_hal_tim_ex.o
    0x08007b10   0x00000002   Code   RO         1394    i.HAL_TIMEx_CommutationCallback  stm32f4xx_hal_tim_ex.o
    0x08007b12   0x00000050   Code   RO         1410    i.HAL_TIMEx_MasterConfigSynchronization  stm32f4xx_hal_tim_ex.o
    0x08007b62   0x00000036   Code   RO         1634    i.HAL_TIM_Base_Init  stm32f4xx_hal_tim.o
    0x08007b98   0x00000084   Code   RO         3983    i.HAL_TIM_Base_MspInit  tim.o
    0x08007c1c   0x00000018   Code   RO         1639    i.HAL_TIM_Base_Start_IT  stm32f4xx_hal_tim.o
    0x08007c34   0x000000f2   Code   RO         1643    i.HAL_TIM_ConfigClockSource  stm32f4xx_hal_tim.o
    0x08007d26   0x00000002   Code   RO         1661    i.HAL_TIM_ErrorCallback  stm32f4xx_hal_tim.o
    0x08007d28   0x00000064   Code   RO         3938    i.HAL_TIM_IC_CaptureCallback  remote_control.o
    0x08007d8c   0x0000011e   Code   RO         1664    i.HAL_TIM_IC_ConfigChannel  stm32f4xx_hal_tim.o
    0x08007eaa   0x00000036   Code   RO         1667    i.HAL_TIM_IC_Init   stm32f4xx_hal_tim.o
    0x08007ee0   0x000000bc   Code   RO         3985    i.HAL_TIM_IC_MspInit  tim.o
    0x08007f9c   0x000000c8   Code   RO         1671    i.HAL_TIM_IC_Start_DMA  stm32f4xx_hal_tim.o
    0x08008064   0x00000166   Code   RO         1676    i.HAL_TIM_IRQHandler  stm32f4xx_hal_tim.o
    0x080081ca   0x00000002   PAD
    0x080081cc   0x00000048   Code   RO         3986    i.HAL_TIM_MspPostInit  tim.o
    0x08008214   0x00000002   Code   RO         1679    i.HAL_TIM_OC_DelayElapsedCallback  stm32f4xx_hal_tim.o
    0x08008216   0x000000d0   Code   RO         1700    i.HAL_TIM_PWM_ConfigChannel  stm32f4xx_hal_tim.o
    0x080082e6   0x00000036   Code   RO         1703    i.HAL_TIM_PWM_Init  stm32f4xx_hal_tim.o
    0x0800831c   0x00000002   Code   RO         1705    i.HAL_TIM_PWM_MspInit  stm32f4xx_hal_tim.o
    0x0800831e   0x00000002   Code   RO         1706    i.HAL_TIM_PWM_PulseFinishedCallback  stm32f4xx_hal_tim.o
    0x08008320   0x00000038   Code   RO         1707    i.HAL_TIM_PWM_Start  stm32f4xx_hal_tim.o
    0x08008358   0x00000014   Code   RO         3495    i.HAL_TIM_PeriodElapsedCallback  main.o
    0x0800836c   0x00000002   Code   RO         1717    i.HAL_TIM_TriggerCallback  stm32f4xx_hal_tim.o
    0x0800836e   0x00000002   Code   RO          809    i.HAL_UART_ErrorCallback  stm32f4xx_hal_uart.o
    0x08008370   0x000000e0   Code   RO         3596    i.HAL_UART_IDLE_IRQHandler  usart.o
    0x08008450   0x00000110   Code   RO          812    i.HAL_UART_IRQHandler  stm32f4xx_hal_uart.o
    0x08008560   0x00000062   Code   RO          813    i.HAL_UART_Init     stm32f4xx_hal_uart.o
    0x080085c2   0x00000002   PAD
    0x080085c4   0x00000144   Code   RO         3598    i.HAL_UART_MspInit  usart.o
    0x08008708   0x00000012   Code   RO         3599    i.HAL_UART_Receive_IT_IDLE  usart.o
    0x0800871a   0x00000002   Code   RO          819    i.HAL_UART_RxCpltCallback  stm32f4xx_hal_uart.o
    0x0800871c   0x000000ba   Code   RO          821    i.HAL_UART_Transmit  stm32f4xx_hal_uart.o
    0x080087d6   0x00000002   Code   RO          824    i.HAL_UART_TxCpltCallback  stm32f4xx_hal_uart.o
    0x080087d8   0x00000002   Code   RO         3745    i.HardFault_Handler  stm32f4xx_it.o
    0x080087da   0x00000002   PAD
    0x080087dc   0x00000040   Code   RO         3325    i.IIC_Ack           myiic.o
    0x0800881c   0x00000048   Code   RO         3326    i.IIC_Init          myiic.o
    0x08008864   0x00000040   Code   RO         3327    i.IIC_NAck          myiic.o
    0x080088a4   0x00000068   Code   RO         3328    i.IIC_Read_Byte     myiic.o
    0x0800890c   0x00000060   Code   RO         3329    i.IIC_Send_Byte     myiic.o
    0x0800896c   0x00000040   Code   RO         3330    i.IIC_Start         myiic.o
    0x080089ac   0x00000040   Code   RO         3331    i.IIC_Stop          myiic.o
    0x080089ec   0x00000054   Code   RO         3332    i.IIC_Wait_Ack      myiic.o
    0x08008a40   0x0000006c   Code   RO         3400    i.MPU_Read_Len      mpu9250.o
    0x08008aac   0x00000052   Code   RO         3406    i.MPU_Write_Len     mpu9250.o
    0x08008afe   0x00000002   PAD
    0x08008b00   0x0000005c   Code   RO         3867    i.MX_CAN1_Init      can.o
    0x08008b5c   0x0000003c   Code   RO         3912    i.MX_DMA_Init       dma.o
    0x08008b98   0x0000015c   Code   RO         3715    i.MX_GPIO_Init      gpio.o
    0x08008cf4   0x0000005c   Code   RO         4074    i.MX_SPI5_Init      spi.o
    0x08008d50   0x000000c4   Code   RO         3987    i.MX_TIM1_Init      tim.o
    0x08008e14   0x00000074   Code   RO         3988    i.MX_TIM2_Init      tim.o
    0x08008e88   0x00000070   Code   RO         3989    i.MX_TIM3_Init      tim.o
    0x08008ef8   0x00000070   Code   RO         3990    i.MX_TIM4_Init      tim.o
    0x08008f68   0x000000e8   Code   RO         3991    i.MX_TIM5_Init      tim.o
    0x08009050   0x00000054   Code   RO         3600    i.MX_USART1_UART_Init  usart.o
    0x080090a4   0x0000004c   Code   RO         3601    i.MX_USART2_UART_Init  usart.o
    0x080090f0   0x0000004c   Code   RO         3602    i.MX_USART3_UART_Init  usart.o
    0x0800913c   0x0000004c   Code   RO         3603    i.MX_USART6_UART_Init  usart.o
    0x08009188   0x00000002   Code   RO         3746    i.MemManage_Handler  stm32f4xx_it.o
    0x0800918a   0x00000002   Code   RO         3747    i.NMI_Handler       stm32f4xx_it.o
    0x0800918c   0x00000020   Code   RO          533    i.NVIC_SetPriority  stm32f4xx_hal_cortex.o
    0x080091ac   0x0000004c   Code   RO         3113    i.PWM_SetDuty       robomaster_control.o
    0x080091f8   0x00000002   Code   RO         3748    i.PendSV_Handler    stm32f4xx_it.o
    0x080091fa   0x00000020   Code   RO         2547    i.SPI_CheckFlag_BSY  stm32f4xx_hal_spi.o
    0x0800921a   0x00000096   Code   RO         2565    i.SPI_WaitFlagStateUntilTimeout  stm32f4xx_hal_spi.o
    0x080092b0   0x00000002   Code   RO         3749    i.SVC_Handler       stm32f4xx_it.o
    0x080092b2   0x00000004   Code   RO         3750    i.SysTick_Handler   stm32f4xx_it.o
    0x080092b6   0x00000002   PAD
    0x080092b8   0x000000a0   Code   RO         3496    i.SystemClock_Config  main.o
    0x08009358   0x00000054   Code   RO         2830    i.SystemInit        system_stm32f4xx.o
    0x080093ac   0x00000014   Code   RO         3751    i.TIM2_IRQHandler   stm32f4xx_it.o
    0x080093c0   0x0000000c   Code   RO         3752    i.TIM6_DAC_IRQHandler  stm32f4xx_it.o
    0x080093cc   0x000000c0   Code   RO         1718    i.TIM_Base_SetConfig  stm32f4xx_hal_tim.o
    0x0800948c   0x00000016   Code   RO         1719    i.TIM_CCxChannelCmd  stm32f4xx_hal_tim.o
    0x080094a2   0x0000003e   Code   RO         1720    i.TIM_DMACaptureCplt  stm32f4xx_hal_tim.o
    0x080094e0   0x00000010   Code   RO         1722    i.TIM_DMAError      stm32f4xx_hal_tim.o
    0x080094f0   0x00000014   Code   RO         1725    i.TIM_ETR_SetConfig  stm32f4xx_hal_tim.o
    0x08009504   0x00000010   Code   RO         1726    i.TIM_ITRx_SetConfig  stm32f4xx_hal_tim.o
    0x08009514   0x00000058   Code   RO         1727    i.TIM_OC1_SetConfig  stm32f4xx_hal_tim.o
    0x0800956c   0x00000064   Code   RO         1728    i.TIM_OC2_SetConfig  stm32f4xx_hal_tim.o
    0x080095d0   0x00000060   Code   RO         1729    i.TIM_OC3_SetConfig  stm32f4xx_hal_tim.o
    0x08009630   0x00000050   Code   RO         1730    i.TIM_OC4_SetConfig  stm32f4xx_hal_tim.o
    0x08009680   0x00000022   Code   RO         1732    i.TIM_TI1_ConfigInputStage  stm32f4xx_hal_tim.o
    0x080096a2   0x00000002   PAD
    0x080096a4   0x00000084   Code   RO         1733    i.TIM_TI1_SetConfig  stm32f4xx_hal_tim.o
    0x08009728   0x00000024   Code   RO         1734    i.TIM_TI2_ConfigInputStage  stm32f4xx_hal_tim.o
    0x0800974c   0x00000036   Code   RO         1735    i.TIM_TI2_SetConfig  stm32f4xx_hal_tim.o
    0x08009782   0x00000010   Code   RO          826    i.UART_DMAAbortOnError  stm32f4xx_hal_uart.o
    0x08009792   0x0000001c   Code   RO          836    i.UART_EndRxTransfer  stm32f4xx_hal_uart.o
    0x080097ae   0x00000078   Code   RO         3604    i.UART_Receive_DMA_NoIT  usart.o
    0x08009826   0x0000008c   Code   RO          838    i.UART_Receive_IT   stm32f4xx_hal_uart.o
    0x080098b2   0x00000002   PAD
    0x080098b4   0x000002ac   Code   RO          839    i.UART_SetConfig    stm32f4xx_hal_uart.o
    0x08009b60   0x00000062   Code   RO          840    i.UART_Transmit_IT  stm32f4xx_hal_uart.o
    0x08009bc2   0x00000064   Code   RO          841    i.UART_WaitOnFlagUntilTimeout  stm32f4xx_hal_uart.o
    0x08009c26   0x00000002   PAD
    0x08009c28   0x0000000c   Code   RO         3753    i.USART1_IRQHandler  stm32f4xx_it.o
    0x08009c34   0x0000000c   Code   RO         3754    i.USART6_IRQHandler  stm32f4xx_it.o
    0x08009c40   0x00000002   Code   RO         3755    i.UsageFault_Handler  stm32f4xx_it.o
    0x08009c42   0x00000002   Code   RO         3497    i._Error_Handler    main.o
    0x08009c44   0x00000098   Code   RO         4770    i._MLPrintLog       log_stm32.o
    0x08009cdc   0x00000020   Code   RO         6895    i.__0printf         mc_w.l(printfa.o)
    0x08009cfc   0x00000024   Code   RO         6901    i.__0vsprintf       mc_w.l(printfa.o)
    0x08009d20   0x00000030   Code   RO         6962    i.__ARM_fpclassify  m_wm.l(fpclassify.o)
    0x08009d50   0x00000026   Code   RO         6964    i.__ARM_fpclassifyf  m_wm.l(fpclassifyf.o)
    0x08009d76   0x00000002   PAD
    0x08009d78   0x00000118   Code   RO         6443    i.__hardfp_acosf    m_wm.l(acosf.o)
    0x08009e90   0x00000360   Code   RO         6455    i.__hardfp_asin     m_wm.l(asin.o)
    0x0800a1f0   0x000002d8   Code   RO         6481    i.__hardfp_atan     m_wm.l(atan.o)
    0x0800a4c8   0x000001f0   Code   RO         6495    i.__hardfp_atan2    m_wm.l(atan2.o)
    0x0800a6b8   0x00000250   Code   RO         6507    i.__hardfp_atan2f   m_wm.l(atan2f.o)
    0x0800a908   0x000000c8   Code   RO         6525    i.__hardfp_cos      m_wm.l(cos.o)
    0x0800a9d0   0x00000150   Code   RO         6537    i.__hardfp_cosf     m_wm.l(cosf.o)
    0x0800ab20   0x00000014   Code   RO         6549    i.__hardfp_fabs     m_wm.l(fabs.o)
    0x0800ab34   0x00000004   PAD
    0x0800ab38   0x000003c4   Code   RO         6561    i.__hardfp_log      m_wm.l(log.o)
    0x0800aefc   0x00000190   Code   RO         6601    i.__hardfp_sinf     m_wm.l(sinf.o)
    0x0800b08c   0x0000007a   Code   RO         6613    i.__hardfp_sqrt     m_wm.l(sqrt.o)
    0x0800b106   0x0000003a   Code   RO         6625    i.__hardfp_sqrtf    m_wm.l(sqrtf.o)
    0x0800b140   0x00000438   Code   RO         6983    i.__ieee754_rem_pio2  m_wm.l(rred.o)
    0x0800b578   0x00000170   Code   RO         6945    i.__kernel_cos      m_wm.l(cos_i.o)
    0x0800b6e8   0x000000f8   Code   RO         6980    i.__kernel_poly     m_wm.l(poly.o)
    0x0800b7e0   0x00000130   Code   RO         6991    i.__kernel_sin      m_wm.l(sin_i.o)
    0x0800b910   0x00000030   Code   RO         6948    i.__mathlib_dbl_divzero  m_wm.l(dunder.o)
    0x0800b940   0x00000014   Code   RO         6949    i.__mathlib_dbl_infnan  m_wm.l(dunder.o)
    0x0800b954   0x00000014   Code   RO         6950    i.__mathlib_dbl_infnan2  m_wm.l(dunder.o)
    0x0800b968   0x00000020   Code   RO         6951    i.__mathlib_dbl_invalid  m_wm.l(dunder.o)
    0x0800b988   0x00000020   Code   RO         6954    i.__mathlib_dbl_underflow  m_wm.l(dunder.o)
    0x0800b9a8   0x00000006   Code   RO         6967    i.__mathlib_flt_infnan  m_wm.l(funder.o)
    0x0800b9ae   0x00000006   Code   RO         6968    i.__mathlib_flt_infnan2  m_wm.l(funder.o)
    0x0800b9b4   0x00000010   Code   RO         6969    i.__mathlib_flt_invalid  m_wm.l(funder.o)
    0x0800b9c4   0x00000010   Code   RO         6972    i.__mathlib_flt_underflow  m_wm.l(funder.o)
    0x0800b9d4   0x00000154   Code   RO         6988    i.__mathlib_rredf2  m_wm.l(rredf.o)
    0x0800bb28   0x00000030   Code   RO         5816    i.__print_result_location  mpl.o
    0x0800bb58   0x0000000e   Code   RO         7044    i.__scatterload_copy  mc_w.l(handlers.o)
    0x0800bb66   0x00000002   Code   RO         7045    i.__scatterload_null  mc_w.l(handlers.o)
    0x0800bb68   0x0000000e   Code   RO         7046    i.__scatterload_zeroinit  mc_w.l(handlers.o)
    0x0800bb76   0x00000002   PAD
    0x0800bb78   0x0000000c   Code   RO         7019    i.__set_errno       mc_w.l(errno.o)
    0x0800bb84   0x00000184   Code   RO         6902    i._fp_digits        mc_w.l(printfa.o)
    0x0800bd08   0x000006dc   Code   RO         6903    i._printf_core      mc_w.l(printfa.o)
    0x0800c3e4   0x00000024   Code   RO         6904    i._printf_post_padding  mc_w.l(printfa.o)
    0x0800c408   0x0000002e   Code   RO         6905    i._printf_pre_padding  mc_w.l(printfa.o)
    0x0800c436   0x0000000a   Code   RO         6907    i._sputc            mc_w.l(printfa.o)
    0x0800c440   0x000000a8   Code   RO         2874    i.all_pid_init      pid.o
    0x0800c4e8   0x00000010   Code   RO         6483    i.atan              m_wm.l(atan.o)
    0x0800c4f8   0x0000016c   Code   RO         3114    i.chassis_control   robomaster_control.o
    0x0800c664   0x00000014   Code   RO         6162    i.delay_init        delay.o
    0x0800c678   0x0000001a   Code   RO         6163    i.delay_ms          delay.o
    0x0800c692   0x00000002   PAD
    0x0800c694   0x00000034   Code   RO         6164    i.delay_us          delay.o
    0x0800c6c8   0x0000003a   Code   RO         4585    i.dmp_enable_6x_lp_quat  inv_mpu_dmp_motion_driver.o
    0x0800c702   0x00000002   PAD
    0x0800c704   0x000001d8   Code   RO         4586    i.dmp_enable_feature  inv_mpu_dmp_motion_driver.o
    0x0800c8dc   0x0000003c   Code   RO         4587    i.dmp_enable_gyro_cal  inv_mpu_dmp_motion_driver.o
    0x0800c918   0x0000003a   Code   RO         4588    i.dmp_enable_lp_quat  inv_mpu_dmp_motion_driver.o
    0x0800c952   0x00000002   PAD
    0x0800c954   0x00000014   Code   RO         4593    i.dmp_load_motion_driver_firmware  inv_mpu_dmp_motion_driver.o
    0x0800c968   0x00000148   Code   RO         4594    i.dmp_read_fifo     inv_mpu_dmp_motion_driver.o
    0x0800cab0   0x00000064   Code   RO         4598    i.dmp_set_fifo_rate  inv_mpu_dmp_motion_driver.o
    0x0800cb14   0x0000010c   Code   RO         4601    i.dmp_set_orientation  inv_mpu_dmp_motion_driver.o
    0x0800cc20   0x00000030   Code   RO         4604    i.dmp_set_shake_reject_thresh  inv_mpu_dmp_motion_driver.o
    0x0800cc50   0x00000020   Code   RO         4605    i.dmp_set_shake_reject_time  inv_mpu_dmp_motion_driver.o
    0x0800cc70   0x00000020   Code   RO         4606    i.dmp_set_shake_reject_timeout  inv_mpu_dmp_motion_driver.o
    0x0800cc90   0x00000040   Code   RO         4607    i.dmp_set_tap_axes  inv_mpu_dmp_motion_driver.o
    0x0800ccd0   0x00000022   Code   RO         4608    i.dmp_set_tap_count  inv_mpu_dmp_motion_driver.o
    0x0800ccf2   0x00000002   PAD
    0x0800ccf4   0x00000160   Code   RO         4609    i.dmp_set_tap_thresh  inv_mpu_dmp_motion_driver.o
    0x0800ce54   0x00000020   Code   RO         4610    i.dmp_set_tap_time  inv_mpu_dmp_motion_driver.o
    0x0800ce74   0x00000020   Code   RO         4611    i.dmp_set_tap_time_multi  inv_mpu_dmp_motion_driver.o
    0x0800ce94   0x00000018   Code   RO         6551    i.fabs              m_wm.l(fabs.o)
    0x0800ceac   0x00000012   Code   RO         6640    i.fputc             mc_w.l(fputc.o)
    0x0800cebe   0x00000002   PAD
    0x0800cec0   0x00000068   Code   RO         2932    i.get_moto_measure  bsp_can.o
    0x0800cf28   0x000004aa   Code   RO         3196    i.imu_ahrs_update   bsp_imu.o
    0x0800d3d2   0x00000002   PAD
    0x0800d3d4   0x00000174   Code   RO         3197    i.imu_attitude_update  bsp_imu.o
    0x0800d548   0x0000004c   Code   RO         3992    i.init_TIM5_PWM     tim.o
    0x0800d594   0x000001cc   Code   RO         3199    i.init_quaternion   bsp_imu.o
    0x0800d760   0x0000006a   Code   RO         4888    i.inv_apply_calibration  data_builder.o
    0x0800d7ca   0x00000002   PAD
    0x0800d7cc   0x000000ac   Code   RO         5466    i.inv_compass_angle  ml_math_func.o
    0x0800d878   0x0000005c   Code   RO         5468    i.inv_convert_to_body_with_scale  ml_math_func.o
    0x0800d8d4   0x0000003c   Code   RO         4895    i.inv_db_load_func  data_builder.o
    0x0800d910   0x00000014   Code   RO         4896    i.inv_db_save_func  data_builder.o
    0x0800d924   0x0000001c   Code   RO         4807    i.inv_enable_eMPL_outputs  empl_outputs.o
    0x0800d940   0x0000001c   Code   RO         5854    i.inv_enable_results_holder  results_holder.o
    0x0800d95c   0x0000002c   Code   RO         6089    i.inv_execute_mpl_start_notification  start_manager.o
    0x0800d988   0x000000a4   Code   RO         4808    i.inv_generate_eMPL_outputs  empl_outputs.o
    0x0800da2c   0x00000010   Code   RO         5855    i.inv_generate_results  results_holder.o
    0x0800da3c   0x00000014   Code   RO         5856    i.inv_get_6axis_quaternion  results_holder.o
    0x0800da50   0x0000000c   Code   RO         5857    i.inv_get_acc_state  results_holder.o
    0x0800da5c   0x0000000c   Code   RO         4900    i.inv_get_accel_accuracy  data_builder.o
    0x0800da68   0x00000010   Code   RO         4902    i.inv_get_accel_on  data_builder.o
    0x0800da78   0x00000028   Code   RO         4906    i.inv_get_accel_set  data_builder.o
    0x0800daa0   0x00000014   Code   RO         4907    i.inv_get_compass_bias  data_builder.o
    0x0800dab4   0x00000018   Code   RO         5861    i.inv_get_compass_correction  results_holder.o
    0x0800dacc   0x00000010   Code   RO         4909    i.inv_get_compass_on  data_builder.o
    0x0800dadc   0x0000000c   Code   RO         5862    i.inv_get_compass_state  results_holder.o
    0x0800dae8   0x00000054   Code   RO         5863    i.inv_get_gravity   results_holder.o
    0x0800db3c   0x00000010   Code   RO         4917    i.inv_get_gyro      data_builder.o
    0x0800db4c   0x0000000c   Code   RO         4918    i.inv_get_gyro_accuracy  data_builder.o
    0x0800db58   0x00000024   Code   RO         4919    i.inv_get_gyro_bias  data_builder.o
    0x0800db7c   0x00000018   Code   RO         4920    i.inv_get_gyro_bias_tc_set  data_builder.o
    0x0800db94   0x00000010   Code   RO         4921    i.inv_get_gyro_on   data_builder.o
    0x0800dba4   0x0000001a   Code   RO         5472    i.inv_get_gyro_sum_of_sqr  ml_math_func.o
    0x0800dbbe   0x00000002   PAD
    0x0800dbc0   0x0000000c   Code   RO         5866    i.inv_get_large_mag_field  results_holder.o
    0x0800dbcc   0x00000048   Code   RO         4927    i.inv_get_last_timestamp  data_builder.o
    0x0800dc14   0x0000003a   Code   RO         5867    i.inv_get_linear_accel  results_holder.o
    0x0800dc4e   0x00000002   PAD
    0x0800dc50   0x00000044   Code   RO         5868    i.inv_get_linear_accel_float  results_holder.o
    0x0800dc94   0x00000010   Code   RO         5869    i.inv_get_local_field  results_holder.o
    0x0800dca4   0x0000001c   Code   RO         4928    i.inv_get_mag_accuracy  data_builder.o
    0x0800dcc0   0x00000010   Code   RO         5871    i.inv_get_motion_state  results_holder.o
    0x0800dcd0   0x00000034   Code   RO         5872    i.inv_get_quaternion  results_holder.o
    0x0800dd04   0x00000038   Code   RO         5874    i.inv_get_quaternion_set  results_holder.o
    0x0800dd3c   0x00000060   Code   RO         5342    i.inv_get_sensor_type_gravity  hal_outputs.o
    0x0800dd9c   0x0000000c   Code   RO         5876    i.inv_got_compass_bias  results_holder.o
    0x0800dda8   0x0000003c   Code   RO         4931    i.inv_init_data_builder  data_builder.o
    0x0800dde4   0x00000078   Code   RO         5818    i.inv_init_mpl      mpl.o
    0x0800de5c   0x00000030   Code   RO         5877    i.inv_init_results_holder  results_holder.o
    0x0800de8c   0x00000014   Code   RO         6090    i.inv_init_start_manager  start_manager.o
    0x0800dea0   0x00000018   Code   RO         6122    i.inv_init_storage_manager  storage_manager.o
    0x0800deb8   0x00000022   Code   RO         5481    i.inv_orientation_matrix_to_scalar  ml_math_func.o
    0x0800deda   0x0000000c   Code   RO         5482    i.inv_q29_mult      ml_math_func.o
    0x0800dee6   0x0000000c   Code   RO         5484    i.inv_q30_mult      ml_math_func.o
    0x0800def2   0x00000024   Code   RO         5486    i.inv_q_add         ml_math_func.o
    0x0800df16   0x00000042   Code   RO         5487    i.inv_q_addf        ml_math_func.o
    0x0800df58   0x00000018   Code   RO         5488    i.inv_q_invert      ml_math_func.o
    0x0800df70   0x0000002e   Code   RO         5489    i.inv_q_invertf     ml_math_func.o
    0x0800df9e   0x000000b0   Code   RO         5490    i.inv_q_mult        ml_math_func.o
    0x0800e04e   0x000000d2   Code   RO         5491    i.inv_q_multf       ml_math_func.o
    0x0800e120   0x00000084   Code   RO         5492    i.inv_q_norm4       ml_math_func.o
    0x0800e1a4   0x000000b0   Code   RO         5494    i.inv_q_normalizef  ml_math_func.o
    0x0800e254   0x0000003e   Code   RO         5495    i.inv_q_rotate      ml_math_func.o
    0x0800e292   0x000000da   Code   RO         5497    i.inv_quaternion_to_rotation  ml_math_func.o
    0x0800e36c   0x000000a4   Code   RO         4934    i.inv_register_data_cb  data_builder.o
    0x0800e410   0x0000006c   Code   RO         6124    i.inv_register_load_store  storage_manager.o
    0x0800e47c   0x00000020   Code   RO         6091    i.inv_register_mpl_start_notification  start_manager.o
    0x0800e49c   0x00000054   Code   RO         4935    i.inv_reset_compass_soft_iron_matrix  data_builder.o
    0x0800e4f0   0x00000048   Code   RO         5499    i.inv_row_2_scale   ml_math_func.o
    0x0800e538   0x0000001c   Code   RO         4936    i.inv_set_accel_accuracy  data_builder.o
    0x0800e554   0x0000000c   Code   RO         5880    i.inv_set_accel_bias_found  results_holder.o
    0x0800e560   0x00000050   Code   RO         4939    i.inv_set_accel_bias_mask  data_builder.o
    0x0800e5b0   0x0000000c   Code   RO         4940    i.inv_set_accel_orientation_and_scale  data_builder.o
    0x0800e5bc   0x0000002c   Code   RO         4941    i.inv_set_accel_sample_rate  data_builder.o
    0x0800e5e8   0x00000048   Code   RO         4943    i.inv_set_compass_bias  data_builder.o
    0x0800e630   0x00000010   Code   RO         5881    i.inv_set_compass_bias_error  results_holder.o
    0x0800e640   0x0000000c   Code   RO         5882    i.inv_set_compass_bias_found  results_holder.o
    0x0800e64c   0x00000020   Code   RO         5883    i.inv_set_compass_correction  results_holder.o
    0x0800e66c   0x0000000c   Code   RO         4944    i.inv_set_compass_disturbance  data_builder.o
    0x0800e678   0x00000010   Code   RO         4945    i.inv_set_compass_orientation_and_scale  data_builder.o
    0x0800e688   0x0000002c   Code   RO         4946    i.inv_set_compass_sample_rate  data_builder.o
    0x0800e6b4   0x0000000c   Code   RO         5884    i.inv_set_compass_state  results_holder.o
    0x0800e6c0   0x0000005c   Code   RO         4952    i.inv_set_gyro_bias  data_builder.o
    0x0800e71c   0x0000000c   Code   RO         4953    i.inv_set_gyro_orientation_and_scale  data_builder.o
    0x0800e728   0x00000028   Code   RO         4954    i.inv_set_gyro_sample_rate  data_builder.o
    0x0800e750   0x00000014   Code   RO         5441    i.inv_set_message   message_layer.o
    0x0800e764   0x00000034   Code   RO         5889    i.inv_set_motion_state  results_holder.o
    0x0800e798   0x0000002c   Code   RO         3200    i.inv_sqrt          bsp_imu.o
    0x0800e7c4   0x00000010   Code   RO         4816    i.inv_start_eMPL_outputs  empl_outputs.o
    0x0800e7d4   0x0000003c   Code   RO         5819    i.inv_start_mpl     mpl.o
    0x0800e810   0x00000018   Code   RO         5890    i.inv_start_results_holder  results_holder.o
    0x0800e828   0x00000020   Code   RO         5891    i.inv_store_gaming_quaternion  results_holder.o
    0x0800e848   0x0000004c   Code   RO         4957    i.inv_unregister_data_cb  data_builder.o
    0x0800e894   0x00000048   Code   RO         6092    i.inv_unregister_mpl_start_notification  start_manager.o
    0x0800e8dc   0x0000000a   Code   RO         3201    i.ist8310_get_data  bsp_imu.o
    0x0800e8e6   0x00000100   Code   RO         3202    i.ist8310_init      bsp_imu.o
    0x0800e9e6   0x00000038   Code   RO         3203    i.ist_reg_read_by_mpu  bsp_imu.o
    0x0800ea1e   0x00000042   Code   RO         3204    i.ist_reg_write_by_mpu  bsp_imu.o
    0x0800ea60   0x00000110   Code   RO         3498    i.main              main.o
    0x0800eb70   0x00000002   Code   RO         4120    i.mget_ms           inv_mpu.o
    0x0800eb72   0x00000002   PAD
    0x0800eb74   0x00000054   Code   RO         4121    i.mpu_configure_fifo  inv_mpu.o
    0x0800ebc8   0x00000064   Code   RO         3205    i.mpu_device_init   bsp_imu.o
    0x0800ec2c   0x00000164   Code   RO         4122    i.mpu_dmp_get_data  inv_mpu.o
    0x0800ed90   0x00000158   Code   RO         4123    i.mpu_dmp_init      inv_mpu.o
    0x0800eee8   0x0000003c   Code   RO         4124    i.mpu_get_accel_fsr  inv_mpu.o
    0x0800ef24   0x00000100   Code   RO         3206    i.mpu_get_data      bsp_imu.o
    0x0800f024   0x00000034   Code   RO         4132    i.mpu_get_gyro_fsr  inv_mpu.o
    0x0800f058   0x0000001c   Code   RO         4138    i.mpu_get_sample_rate  inv_mpu.o
    0x0800f074   0x000000d8   Code   RO         4140    i.mpu_init          inv_mpu.o
    0x0800f14c   0x000000a0   Code   RO         4141    i.mpu_load_firmware  inv_mpu.o
    0x0800f1ec   0x000000b8   Code   RO         4142    i.mpu_lp_accel_mode  inv_mpu.o
    0x0800f2a4   0x0000008e   Code   RO         3207    i.mpu_master_i2c_auto_read_config  bsp_imu.o
    0x0800f332   0x00000002   PAD
    0x0800f334   0x000000a4   Code   RO         3208    i.mpu_offset_call   bsp_imu.o
    0x0800f3d8   0x00000050   Code   RO         3209    i.mpu_read_byte     bsp_imu.o
    0x0800f428   0x0000005c   Code   RO         3210    i.mpu_read_bytes    bsp_imu.o
    0x0800f484   0x00000080   Code   RO         4149    i.mpu_read_fifo_stream  inv_mpu.o
    0x0800f504   0x00000054   Code   RO         4150    i.mpu_read_mem      inv_mpu.o
    0x0800f558   0x00000160   Code   RO         4153    i.mpu_reset_fifo    inv_mpu.o
    0x0800f6b8   0x00000068   Code   RO         4158    i.mpu_set_accel_fsr  inv_mpu.o
    0x0800f720   0x0000000a   Code   RO         3211    i.mpu_set_accel_fsr_bsp  bsp_imu.o
    0x0800f72a   0x00000002   PAD
    0x0800f72c   0x000000dc   Code   RO         4159    i.mpu_set_bypass    inv_mpu.o
    0x0800f808   0x0000004c   Code   RO         4160    i.mpu_set_compass_sample_rate  inv_mpu.o
    0x0800f854   0x00000078   Code   RO         4161    i.mpu_set_dmp_state  inv_mpu.o
    0x0800f8cc   0x0000006c   Code   RO         4163    i.mpu_set_gyro_fsr  inv_mpu.o
    0x0800f938   0x0000000a   Code   RO         3212    i.mpu_set_gyro_fsr_bsp  bsp_imu.o
    0x0800f942   0x00000002   PAD
    0x0800f944   0x00000064   Code   RO         4164    i.mpu_set_int_latched  inv_mpu.o
    0x0800f9a8   0x0000006c   Code   RO         4166    i.mpu_set_lpf       inv_mpu.o
    0x0800fa14   0x00000090   Code   RO         4167    i.mpu_set_sample_rate  inv_mpu.o
    0x0800faa4   0x00000134   Code   RO         4168    i.mpu_set_sensors   inv_mpu.o
    0x0800fbd8   0x00000054   Code   RO         3213    i.mpu_write_byte    bsp_imu.o
    0x0800fc2c   0x00000054   Code   RO         4169    i.mpu_write_mem     inv_mpu.o
    0x0800fc80   0x00000044   Code   RO         2935    i.my_can_filter_init_recv_all  bsp_can.o
    0x0800fcc4   0x000000fa   Code   RO         2875    i.pid_calculate     pid.o
    0x0800fdbe   0x00000002   PAD
    0x0800fdc0   0x0000001c   Code   RO         2876    i.pid_init          pid.o
    0x0800fddc   0x00000058   Code   RO         2877    i.pid_param_init    pid.o
    0x0800fe34   0x00000008   Code   RO         2878    i.pid_reset         pid.o
    0x0800fe3c   0x00000014   Code   RO         3077    i.send_data         robomaster_vcan.o
    0x0800fe50   0x00000058   Code   RO         4171    i.set_int_enable    inv_mpu.o
    0x0800fea8   0x0000004c   Code   RO         2936    i.set_moto_current  bsp_can.o
    0x0800fef4   0x0000004c   Code   RO         2937    i.set_yuntai_current  bsp_can.o
    0x0800ff40   0x000001d8   Code   RO         4172    i.setup_compass     inv_mpu.o
    0x08010118   0x00000044   Code   RO         3078    i.shanwai_send_wave_form  robomaster_vcan.o
    0x0801015c   0x000000e8   Code   RO         3115    i.shoot_control     robomaster_control.o
    0x08010244   0x0000006e   Code   RO         6615    i.sqrt              m_wm.l(sqrt.o)
    0x080102b2   0x0000003e   Code   RO         6627    i.sqrtf             m_wm.l(sqrtf.o)
    0x080102f0   0x0000004c   Code   RO         3161    i.task              robomaster_task.o
    0x0801033c   0x00000008   Data   RO         2319    .constdata          stm32f4xx_hal_dma.o
    0x08010344   0x00000010   Data   RO         2831    .constdata          system_stm32f4xx.o
    0x08010354   0x00000008   Data   RO         2832    .constdata          system_stm32f4xx.o
    0x0801035c   0x00000014   Data   RO         3215    .constdata          bsp_imu.o
    0x08010370   0x0000002a   Data   RO         4173    .constdata          inv_mpu.o
    0x0801039a   0x0000000e   Data   RO         4174    .constdata          inv_mpu.o
    0x080103a8   0x00000030   Data   RO         4175    .constdata          inv_mpu.o
    0x080103d8   0x00000bf6   Data   RO         4613    .constdata          inv_mpu_dmp_motion_driver.o
    0x08010fce   0x0000002f   Data   RO         5820    .constdata          mpl.o
    0x08010ffd   0x00000003   PAD
    0x08011000   0x00000050   Data   RO         6458    .constdata          m_wm.l(asin.o)
    0x08011050   0x00000098   Data   RO         6484    .constdata          m_wm.l(atan.o)
    0x080110e8   0x00000038   Data   RO         6564    .constdata          m_wm.l(log.o)
    0x08011120   0x00000030   Data   RO         6946    .constdata          m_wm.l(cos_i.o)
    0x08011150   0x00000008   Data   RO         6982    .constdata          m_wm.l(qnan.o)
    0x08011158   0x000000c8   Data   RO         6985    .constdata          m_wm.l(rred.o)
    0x08011220   0x00000020   Data   RO         6989    .constdata          m_wm.l(rredf.o)
    0x08011240   0x00000028   Data   RO         6992    .constdata          m_wm.l(sin_i.o)
    0x08011268   0x00000009   Data   RO         4177    .conststring        inv_mpu.o
    0x08011271   0x00000003   PAD
    0x08011274   0x00000044   Data   RO         4960    .conststring        data_builder.o
    0x080112b8   0x00000020   Data   RO         7042    Region$$Table       anon$$obj.o


    Execution Region RW_IRAM1 (Base: 0x20000000, Size: 0x00002468, Max: 0x00030000, ABSOLUTE)

    Base Addr    Size         Type   Attr      Idx    E Section Name        Object

    0x20000000   0x00000004   Data   RW         1138    .data               stm32f4xx_hal.o
    0x20000004   0x00000004   Data   RW         2833    .data               system_stm32f4xx.o
    0x20000008   0x00000008   Data   RW         2939    .data               bsp_can.o
    0x20000010   0x00000014   Data   RW         3162    .data               robomaster_task.o
    0x20000024   0x00000004   Data   RW         3163    .data               robomaster_task.o
    0x20000028   0x00000060   Data   RW         3216    .data               bsp_imu.o
    0x20000088   0x00000008   Data   RW         3500    .data               main.o
    0x20000090   0x0000000c   Data   RW         3942    .data               remote_control.o
    0x2000009c   0x00000004   Data   RW         4178    .data               inv_mpu.o
    0x200000a0   0x0000004a   Data   RW         4179    .data               inv_mpu.o
    0x200000ea   0x00000002   PAD
    0x200000ec   0x00000004   Data   RW         5442    .data               message_layer.o
    0x200000f0   0x00000004   Data   RW         6165    .data               delay.o
    0x200000f4   0x00000010   Data   RW         6199    .data               libmpllib.lib(compass_vec_cal.o)
    0x20000104   0x00000004   Data   RW         7012    .data               mc_w.l(stdout.o)
    0x20000108   0x00000004   Data   RW         7020    .data               mc_w.l(errno.o)
    0x2000010c   0x00000190   Zero   RW         2938    .bss                bsp_can.o
    0x2000029c   0x0000000c   Zero   RW         3079    .bss                robomaster_vcan.o
    0x200002a8   0x00000096   Zero   RW         3214    .bss                bsp_imu.o
    0x2000033e   0x00000002   PAD
    0x20000340   0x000002bc   Zero   RW         3499    .bss                main.o
    0x200005fc   0x00000064   Zero   RW         3605    .bss                usart.o
    0x20000660   0x00000160   Zero   RW         3606    .bss                usart.o
    0x200007c0   0x0000003c   Zero   RW         3678    .bss                stm32f4xx_hal_timebase_tim.o
    0x200007fc   0x00000044   Zero   RW         3868    .bss                can.o
    0x20000840   0x00000020   Zero   RW         3939    .bss                remote_control.o
    0x20000860   0x0000018c   Zero   RW         3993    .bss                tim.o
    0x200009ec   0x00000058   Zero   RW         4075    .bss                spi.o
    0x20000a44   0x00000010   Zero   RW         4612    .bss                inv_mpu_dmp_motion_driver.o
    0x20000a54   0x00000028   Zero   RW         4817    .bss                empl_outputs.o
    0x20000a7c   0x000002d8   Zero   RW         4959    .bss                data_builder.o
    0x20000d54   0x000000c4   Zero   RW         5352    .bss                hal_outputs.o
    0x20000e18   0x00000088   Zero   RW         5892    .bss                results_holder.o
    0x20000ea0   0x00000054   Zero   RW         6093    .bss                start_manager.o
    0x20000ef4   0x00000198   Zero   RW         6126    .bss                storage_manager.o
    0x2000108c   0x00000004   PAD
    0x20001090   0x00000460   Zero   RW         6198    .bss                libmpllib.lib(compass_vec_cal.o)
    0x200014f0   0x000002a0   Zero   RW         6288    .bss                libmpllib.lib(fast_no_motion.o)
    0x20001790   0x00000138   Zero   RW         6321    .bss                libmpllib.lib(fusion_9axis.o)
    0x200018c8   0x000001c4   Zero   RW         6343    .bss                libmpllib.lib(gyro_tc.o)
    0x20001a8c   0x000000b8   Zero   RW         6361    .bss                libmpllib.lib(mag_disturb.o)
    0x20001b44   0x0000006c   Zero   RW         6383    .bss                libmpllib.lib(quaternion_supervisor.o)
    0x20001bb0   0x000004b8   Zero   RW         6401    .bss                libmpllib.lib(accel_auto_cal.o)
    0x20002068   0x00000400   Zero   RW         2864    STACK               startup_stm32f427xx.o


==============================================================================

Image component sizes


      Code (inc. data)   RO Data    RW Data    ZI Data      Debug   Object Name

       436         42          0          8        400       7500   bsp_can.o
      3396        220         20         96        150      14010   bsp_imu.o
       216         44          0          0         68       2269   can.o
      1330        200         68          0        728      21031   data_builder.o
        98          8          0          4          0       2075   delay.o
        60          4          0          0          0        834   dma.o
       208         16          0          0         40       6942   empl_outputs.o
       348         24          0          0          0       1255   gpio.o
        96          8          0          0        196       2337   hal_outputs.o
      3982        156        113         78          0      28486   inv_mpu.o
      1990        120       3062          0         16      19197   inv_mpu_dmp_motion_driver.o
       152         10          0          0          0       4426   log_stm32.o
       454         60          0          8        700       4502   main.o
        20          4          0          4          0       1262   message_layer.o
      1566         22          0          0          0      13972   ml_math_func.o
       228         78         47          0          0       5404   mpl.o
       190          0          0          0          0       4856   mpu9250.o
       612         74          0          0          0       5034   myiic.o
       542         36          0          0          0       4517   pid.o
       516         50          0         12         32       3600   remote_control.o
       726        118          0          0        136      16397   results_holder.o
       672         74          0          0          0       2505   robomaster_control.o
        76          8          0         24          0       2004   robomaster_task.o
        88          8          0          0         12       1758   robomaster_vcan.o
       168         38          0          0         88       1757   spi.o
       168         20          0          0         84       3524   start_manager.o
        36          8        428          0       1024        832   startup_stm32f427xx.o
       108         16          0          4          0       3996   stm32f4xx_hal.o
      2076         34          0          0          0     746512   stm32f4xx_hal_can.o
       228         14          0          0          0      32469   stm32f4xx_hal_cortex.o
      1018         16          8          0          0       7670   stm32f4xx_hal_dma.o
       478         52          0          0          0       3197   stm32f4xx_hal_gpio.o
        88          0          0          0          0        558   stm32f4xx_hal_msp.o
      1296         92          0          0          0       6489   stm32f4xx_hal_rcc.o
       782          0          0          0          0       4597   stm32f4xx_hal_spi.o
      2494        126          0          0          0      23043   stm32f4xx_hal_tim.o
        84          0          0          0          0       2558   stm32f4xx_hal_tim_ex.o
       116         16          0          0         60       1556   stm32f4xx_hal_timebase_tim.o
      1628         14          0          0          0      10015   stm32f4xx_hal_uart.o
       124         46          0          0          0       8453   stm32f4xx_it.o
       132         10          0          0        408       2613   storage_manager.o
        84         18         24          4          0       1267   system_stm32f4xx.o
      1236        206          0          0        396       6795   tim.o
       998        176          0          0        452       6310   usart.o

    ----------------------------------------------------------------------
     31398       2286       3808        244       4996    1050384   Object Totals
         0          0         32          0          0          0   (incl. Generated)
        54          0          6          2          6          0   (incl. Padding)

    ----------------------------------------------------------------------

      Code (inc. data)   RO Data    RW Data    ZI Data      Debug   Library Member Name

      3140        190          0          0       1208       9672   accel_auto_cal.o
      9456        298          0         16       1120      19892   compass_vec_cal.o
      2584         42          0          0        672      13744   fast_no_motion.o
      1712         72          0          0        312       5636   fusion_9axis.o
      1220         32          0          0        452       5735   gyro_tc.o
      1472         48          0          0        184       7614   mag_disturb.o
      2452        130          0          0        108       5637   quaternion_supervisor.o
       280         46          0          0          0        176   acosf.o
       864         94         80          0          0        280   asin.o
       744        106        152          0          0        352   atan.o
       496         64          0          0          0        192   atan2.o
       592         90          0          0          0        184   atan2f.o
       200         20          0          0          0        164   cos.o
       368         46         48          0          0        200   cos_i.o
       336         56          0          0          0        136   cosf.o
       152         36          0          0          0        620   dunder.o
        44          0          0          0          0        248   fabs.o
        48          0          0          0          0        124   fpclassify.o
        38          0          0          0          0        116   fpclassifyf.o
        44         12          0          0          0        464   funder.o
       964         92         56          0          0        316   log.o
       248          0          0          0          0        152   poly.o
         0          0          8          0          0          0   qnan.o
      1080        142        200          0          0        188   rred.o
       340         24         32          0          0        160   rredf.o
       304         24         40          0          0        208   sin_i.o
       400         56          0          0          0        212   sinf.o
       232          0          0          0          0        296   sqrt.o
       120          0          0          0          0        272   sqrtf.o
         0          0          0          0          0          0   entry.o
         0          0          0          0          0          0   entry10a.o
         0          0          0          0          0          0   entry11a.o
         8          4          0          0          0          0   entry2.o
         4          0          0          0          0          0   entry5.o
         0          0          0          0          0          0   entry7b.o
         0          0          0          0          0          0   entry8b.o
         8          4          0          0          0          0   entry9a.o
        12          6          0          4          0         68   errno.o
        18          0          0          0          0         80   fputc.o
        30          0          0          0          0          0   handlers.o
        36          8          0          0          0         68   init.o
         0          0          0          0          0          0   iusefp.o
         0          0          0          0          0          0   iusesemip.o
        98          0          0          0          0         84   ldiv.o
        30          0          0          0          0         68   llshl.o
        36          0          0          0          0         68   llsshr.o
        32          0          0          0          0         68   llushr.o
        26          0          0          0          0         80   memcmp.o
        64          0          0          0          0         76   memmovea.o
        36          0          0          0          0        108   memseta.o
      2304         96          0          0          0        600   printfa.o
         0          0          0          0          0          0   semi.o
         0          0          0          4          0          0   stdout.o
        44          0          0          0          0         80   uidiv.o
        98          0          0          0          0         92   uldiv.o
        48          0          0          0          0         68   cdcmple.o
        48          0          0          0          0         68   cdrcmple.o
        56          0          0          0          0         88   d2f.o
       334          0          0          0          0        148   dadd.o
       222          0          0          0          0        100   ddiv.o
       186          0          0          0          0        176   depilogue.o
        62          0          0          0          0         80   dfixi.o
        48          0          0          0          0         68   dfixul.o
        34          0          0          0          0         76   dflti.o
        26          0          0          0          0         76   dfltui.o
       228          0          0          0          0         96   dmul.o
       162          0          0          0          0        100   dsqrt.o
        38          0          0          0          0         68   f2d.o
       110          0          0          0          0        168   fepilogue.o
        66          0          0          0          0         76   ffixl.o
        44          0          0          0          0         92   ffltl.o

    ----------------------------------------------------------------------
     34538       1838        616         24       4056      76078   Library Totals
        12          0          0          0          0          0   (incl. Padding)

    ----------------------------------------------------------------------

      Code (inc. data)   RO Data    RW Data    ZI Data      Debug   Library Name

     22036        812          0         16       4056      67930   libmpllib.lib
      7894        908        616          0          0       5060   m_wm.l
      2884        118          0          8          0       1540   mc_w.l
      1712          0          0          0          0       1548   mf_w.l

    ----------------------------------------------------------------------
     34538       1838        616         24       4056      76078   Library Totals

    ----------------------------------------------------------------------

==============================================================================


      Code (inc. data)   RO Data    RW Data    ZI Data      Debug   

     65936       4124       4424        268       9052    1089602   Grand Totals
     65936       4124       4424        268       9052    1089602   ELF Image Totals
     65936       4124       4424        268          0          0   ROM Totals

==============================================================================

    Total RO  Size (Code + RO Data)                70360 (  68.71kB)
    Total RW  Size (RW Data + ZI Data)              9320 (   9.10kB)
    Total ROM Size (Code + RO Data + RW Data)      70628 (  68.97kB)

==============================================================================

